Archive member included to satisfy reference by file (symbol)

/usr/share/crossworks_for_arm_5.3/lib/libc_v7em_t_le_eabi.a(libc2.o)
                              CDC474CEU6_Tester CDC474CEU6_Tester/main.o (sprintf)
/usr/share/crossworks_for_arm_5.3/lib/libc_v7em_t_le_eabi.a(libc2_asm.o)
                              CDC474CEU6_Tester CDC474CEU6_Tester/usbd_cdc_if.o (memcpy)
/usr/share/crossworks_for_arm_5.3/lib/libc_v7em_t_le_eabi.a(libvfprintf.o)
                              (__vfprintf_float_long_long)
/usr/share/crossworks_for_arm_5.3/lib/libc_v7em_t_le_eabi.a(libvfscanf.o)
                              (__vfscanf_float_long_long_cc)
/usr/share/crossworks_for_arm_5.3/lib/libc_v7em_t_le_eabi.a(libc.o)
                              /usr/share/crossworks_for_arm_5.3/lib/libc_v7em_t_le_eabi.a(libc2.o) (__heap_lock)
/usr/share/crossworks_for_arm_5.3/lib/libc_v7em_t_le_eabi.a(libc_asm.o)
                              /usr/share/crossworks_for_arm_5.3/lib/libc_v7em_t_le_eabi.a(libc2.o) (__aeabi_uldivmod)
/usr/share/crossworks_for_arm_5.3/lib/libdebugio_v7em_t_le_eabi.a(libdebugio_asm.o)
                              /usr/share/crossworks_for_arm_5.3/lib/libc_v7em_t_le_eabi.a(libc2.o) (__getchar)
/usr/share/crossworks_for_arm_5.3/lib/libdebugio_v7em_t_le_eabi.a(mempoll_debug_operations.o)
                              (__do_debug_operation_mempoll)
/usr/share/crossworks_for_arm_5.3/lib/libdebugio_v7em_t_le_eabi.a(libdebugio.o)
                              /usr/share/crossworks_for_arm_5.3/lib/libdebugio_v7em_t_le_eabi.a(libdebugio_asm.o) (debug_fopen)
/usr/share/crossworks_for_arm_5.3/lib/libdebugio_v7em_t_le_eabi.a(do_nv_debug_operation.o)
                              /usr/share/crossworks_for_arm_5.3/lib/libdebugio_v7em_t_le_eabi.a(libdebugio.o) (__do_nvdebug_operation)
/usr/share/crossworks_for_arm_5.3/lib/libm_v7em_t_le_eabi.a(libm_asm.o)
                              /usr/share/crossworks_for_arm_5.3/lib/libc_v7em_t_le_eabi.a(libc2.o) (__aeabi_i2f)
/usr/share/crossworks_for_arm_5.3/lib/libm_v7em_t_le_eabi.a(libm2.o)
                              /usr/share/crossworks_for_arm_5.3/lib/libc_v7em_t_le_eabi.a(libvfprintf.o) (frexp)
/usr/share/crossworks_for_arm_5.3/lib/libm_v7em_t_le_eabi.a(libm2_asm.o)
                              /usr/share/crossworks_for_arm_5.3/lib/libm_v7em_t_le_eabi.a(libm2.o) (fabs)

Discarded input sections

 .text          0x00000000        0x0 CDC474CEU6_Tester CDC474CEU6_Tester/main.o
 .data          0x00000000        0x0 CDC474CEU6_Tester CDC474CEU6_Tester/main.o
 .bss           0x00000000        0x0 CDC474CEU6_Tester CDC474CEU6_Tester/main.o
 .text          0x00000000        0x0 CDC474CEU6_Tester CDC474CEU6_Tester/stm32g4xx_hal_msp.o
 .data          0x00000000        0x0 CDC474CEU6_Tester CDC474CEU6_Tester/stm32g4xx_hal_msp.o
 .bss           0x00000000        0x0 CDC474CEU6_Tester CDC474CEU6_Tester/stm32g4xx_hal_msp.o
 .text          0x00000000        0x0 CDC474CEU6_Tester CDC474CEU6_Tester/stm32g4xx_it.o
 .data          0x00000000        0x0 CDC474CEU6_Tester CDC474CEU6_Tester/stm32g4xx_it.o
 .bss           0x00000000        0x0 CDC474CEU6_Tester CDC474CEU6_Tester/stm32g4xx_it.o
 .text          0x00000000        0x0 CDC474CEU6_Tester CDC474CEU6_Tester/usb_device.o
 .data          0x00000000        0x0 CDC474CEU6_Tester CDC474CEU6_Tester/usb_device.o
 .bss           0x00000000        0x0 CDC474CEU6_Tester CDC474CEU6_Tester/usb_device.o
 .text          0x00000000        0x0 CDC474CEU6_Tester CDC474CEU6_Tester/usbd_cdc_if.o
 .data          0x00000000        0x0 CDC474CEU6_Tester CDC474CEU6_Tester/usbd_cdc_if.o
 .bss           0x00000000        0x0 CDC474CEU6_Tester CDC474CEU6_Tester/usbd_cdc_if.o
 .text          0x00000000        0x0 CDC474CEU6_Tester CDC474CEU6_Tester/usbd_desc.o
 .data          0x00000000        0x0 CDC474CEU6_Tester CDC474CEU6_Tester/usbd_desc.o
 .bss           0x00000000        0x0 CDC474CEU6_Tester CDC474CEU6_Tester/usbd_desc.o
 .text          0x00000000        0x0 CDC474CEU6_Tester CDC474CEU6_Tester/usbd_conf.o
 .data          0x00000000        0x0 CDC474CEU6_Tester CDC474CEU6_Tester/usbd_conf.o
 .bss           0x00000000        0x0 CDC474CEU6_Tester CDC474CEU6_Tester/usbd_conf.o
 .text.HAL_PCD_MspDeInit
                0x00000000       0x34 CDC474CEU6_Tester CDC474CEU6_Tester/usbd_conf.o
 .text.HAL_PCD_ISOOUTIncompleteCallback
                0x00000000       0x26 CDC474CEU6_Tester CDC474CEU6_Tester/usbd_conf.o
 .text.HAL_PCD_ISOINIncompleteCallback
                0x00000000       0x26 CDC474CEU6_Tester CDC474CEU6_Tester/usbd_conf.o
 .text.HAL_PCD_ConnectCallback
                0x00000000       0x1a CDC474CEU6_Tester CDC474CEU6_Tester/usbd_conf.o
 .text.HAL_PCD_DisconnectCallback
                0x00000000       0x1a CDC474CEU6_Tester CDC474CEU6_Tester/usbd_conf.o
 .text.USBD_LL_DeInit
                0x00000000       0x40 CDC474CEU6_Tester CDC474CEU6_Tester/usbd_conf.o
 .text.USBD_LL_Stop
[...]
Memory Configuration

Name             Origin             Length             Attributes
UNPLACED_SECTIONS 0x00000000         0x00000000         xw
FLASH            0x08000000         0x00080000         xr
CCMSRAM          0x10000000         0x00008000         xw
SYSTEM_BANK1     0x1fff0000         0x00007000         xw
OTP              0x1fff7000         0x00000400         xw
SYSTEM_BANK2     0x1fff8000         0x00007000         xw
OPTION_BANK1     0x1fff7800         0x00000030         xw
OPTION_BANK2     0x1ffff800         0x00000030         xw
RAM              0x20000000         0x00018000         xw
SRAM1            0x20000000         0x00014000         xw
SRAM2            0x20014000         0x00004000         xw
ABP1             0x40000000         0x00009800         xw
ABP2             0x40010000         0x00006400         xw
AHB1             0x40020000         0x00004400         xw
AHB2             0x48000000         0x08060c00         xw
NOR_PSRAM1       0x60000000         0x00000000         xw
NOR_PSRAM2       0x64000000         0x00000000         xw
NOR_PSRAM3       0x68000000         0x00000000         xw
NOR_PSRAM4       0x6c000000         0x00000000         xw
NAND             0x80000000         0x00000000         xr
QUADSPI_FLASH    0x90000000         0x00000000         xr
FMC              0xa0000000         0x00001000         xw
QUADSPI          0xa0001000         0x00000400         xw
PPB              0xe0000000         0x00100000         xw
*default*        0x00000000         0xffffffff

Linker script and memory map

                0x08000000                        __FLASH_segment_start__ = 0x8000000
                0x08080000                        __FLASH_segment_end__ = 0x8080000
                0x00080000                        __FLASH_segment_size__ = 0x80000
                0x10000000                        __CCMSRAM_segment_start__ = 0x10000000
                0x10008000                        __CCMSRAM_segment_end__ = 0x10008000
                0x00008000                        __CCMSRAM_segment_size__ = 0x8000
                0x1fff0000                        __SYSTEM_BANK1_segment_start__ = 0x1fff0000
                0x1fff7000                        __SYSTEM_BANK1_segment_end__ = 0x1fff7000
                0x00007000                        __SYSTEM_BANK1_segment_size__ = 0x7000
                0x1fff7000                        __OTP_segment_start__ = 0x1fff7000
                0x1fff7400                        __OTP_segment_end__ = 0x1fff7400
                0x00000400                        __OTP_segment_size__ = 0x400
                0x1fff8000                        __SYSTEM_BANK2_segment_start__ = 0x1fff8000
                0x1ffff000                        __SYSTEM_BANK2_segment_end__ = 0x1ffff000
                0x00007000                        __SYSTEM_BANK2_segment_size__ = 0x7000
                0x1fff7800                        __OPTION_BANK1_segment_start__ = 0x1fff7800
                0x1fff7830                        __OPTION_BANK1_segment_end__ = 0x1fff7830
                0x00000030                        __OPTION_BANK1_segment_size__ = 0x30
                0x1ffff800                        __OPTION_BANK2_segment_start__ = 0x1ffff800
                0x1ffff830                        __OPTION_BANK2_segment_end__ = 0x1ffff830
                0x00000030                        __OPTION_BANK2_segment_size__ = 0x30
                0x20000000                        __RAM_segment_start__ = 0x20000000
                0x20018000                        __RAM_segment_end__ = 0x20018000
                0x00018000                        __RAM_segment_size__ = 0x18000
                0x20000000                        __SRAM1_segment_start__ = 0x20000000
                0x20014000                        __SRAM1_segment_end__ = 0x20014000
                0x00014000                        __SRAM1_segment_size__ = 0x14000
                0x20014000                        __SRAM2_segment_start__ = 0x20014000
                0x20018000                        __SRAM2_segment_end__ = 0x20018000
                0x00004000                        __SRAM2_segment_size__ = 0x4000
                0x40000000                        __ABP1_segment_start__ = 0x40000000
                0x40009800                        __ABP1_segment_end__ = 0x40009800
                0x00009800                        __ABP1_segment_size__ = 0x9800
                0x40010000                        __ABP2_segment_start__ = 0x40010000
                0x40016400                        __ABP2_segment_end__ = 0x40016400
                0x00006400                        __ABP2_segment_size__ = 0x6400
                0x40020000                        __AHB1_segment_start__ = 0x40020000
                0x40024400                        __AHB1_segment_end__ = 0x40024400
                0x00004400                        __AHB1_segment_size__ = 0x4400
                0x48000000                        __AHB2_segment_start__ = 0x48000000
                0x50060c00                        __AHB2_segment_end__ = 0x50060c00
                0x08060c00                        __AHB2_segment_size__ = 0x8060c00
                0x60000000                        __NOR_PSRAM1_segment_start__ = 0x60000000
                0x60000000                        __NOR_PSRAM1_segment_end__ = 0x60000000
                0x00000000                        __NOR_PSRAM1_segment_size__ = 0x0
                0x64000000                        __NOR_PSRAM2_segment_start__ = 0x64000000
                0x64000000                        __NOR_PSRAM2_segment_end__ = 0x64000000
                0x00000000                        __NOR_PSRAM2_segment_size__ = 0x0
                0x68000000                        __NOR_PSRAM3_segment_start__ = 0x68000000
                0x68000000                        __NOR_PSRAM3_segment_end__ = 0x68000000
                0x00000000                        __NOR_PSRAM3_segment_size__ = 0x0
                0x6c000000                        __NOR_PSRAM4_segment_start__ = 0x6c000000
                0x6c000000                        __NOR_PSRAM4_segment_end__ = 0x6c000000
                0x00000000                        __NOR_PSRAM4_segment_size__ = 0x0
                0x80000000                        __NAND_segment_start__ = 0x80000000
                0x80000000                        __NAND_segment_end__ = 0x80000000
                0x00000000                        __NAND_segment_size__ = 0x0
                0x90000000                        __QUADSPI_FLASH_segment_start__ = 0x90000000
                0x90000000                        __QUADSPI_FLASH_segment_end__ = 0x90000000
                0x00000000                        __QUADSPI_FLASH_segment_size__ = 0x0
                0xa0000000                        __FMC_segment_start__ = 0xa0000000
                0xa0001000                        __FMC_segment_end__ = 0xa0001000
                0x00001000                        __FMC_segment_size__ = 0x1000
                0xa0001000                        __QUADSPI_segment_start__ = 0xa0001000
                0xa0001400                        __QUADSPI_segment_end__ = 0xa0001400
                0x00000400                        __QUADSPI_segment_size__ = 0x400
                0xe0000000                        __PPB_segment_start__ = 0xe0000000
                0xe0100000                        __PPB_segment_end__ = 0xe0100000
                0x00100000                        __PPB_segment_size__ = 0x100000
                0x00000400                        __HEAPSIZE__ = 0x400
                0x00000000                        __STACKSIZE_ABT__ = 0x0
                0x00000000                        __STACKSIZE_FIQ__ = 0x0
                0x00000000                        __STACKSIZE_IRQ__ = 0x0
                0x00000000                        __STACKSIZE_PROCESS__ = 0x0
                0x00000000                        __STACKSIZE_SVC__ = 0x0
                0x00000000                        __STACKSIZE_UND__ = 0x0
                0x00000100                        __STACKSIZE__ = 0x100
                0x00000000                        __do_debug_operation = __do_debug_operation_mempoll
                0x080079f0                        __vfprintf = __vfprintf_float_long_long
                0x00000000                        __vfscanf = __vfscanf_float_long_long_cc
                0x90000000                        __qspi_load_start__ = ALIGN (__QUADSPI_FLASH_segment_start__, 0x4)

.qspi           0x90000000        0x0
                0x90000000                        __qspi_start__ = .
 *(.qspi .qspi.*)
                0x90000000                        __qspi_end__ = (__qspi_start__ + SIZEOF (.qspi))
                0x00000000                        __qspi_size__ = SIZEOF (.qspi)
                0x90000000                        __qspi_load_end__ = __qspi_end__
                0x90000000                        __QUADSPI_FLASH_segment_used_end__ = (ALIGN (__QUADSPI_FLASH_segment_start__, 0x4) + SIZEOF (.qspi))
                0x00000000                        __QUADSPI_FLASH_segment_used_size__ = (__QUADSPI_FLASH_segment_used_end__ - __QUADSPI_FLASH_segment_start__)
                0x00000001                        . = ASSERT (((__qspi_start__ == __qspi_end__) || ((__qspi_end__ - __QUADSPI_FLASH_segment_start__) <= __QUADSPI_FLASH_segment_size__)), error: .qspi is too large to fit in QUADSPI_FLASH memory segment)
                0x20000000                        __vectors_ram_load_start__ = ALIGN (__RAM_segment_start__, 0x100)

.vectors_ram    0x20000000        0x0
                0x20000000                        __vectors_ram_start__ = .
 *(.vectors_ram .vectors_ram.*)
                0x20000000                        __vectors_ram_end__ = (__vectors_ram_start__ + SIZEOF (.vectors_ram))
                0x00000000                        __vectors_ram_size__ = SIZEOF (.vectors_ram)
                0x20000000                        __vectors_ram_load_end__ = __vectors_ram_end__
                0x00000001                        . = ASSERT (((__vectors_ram_start__ == __vectors_ram_end__) || ((__vectors_ram_end__ - __RAM_segment_start__) <= __RAM_segment_size__)), error: .vectors_ram is too large to fit in RAM memory segment)
                0x08000000                        __vectors_load_start__ = ALIGN (__FLASH_segment_start__, 0x100)

.vectors        0x08000000      0x1d8
                0x08000000                        __vectors_start__ = .
 *(.vectors .vectors.*)
 .vectors       0x08000000      0x1d8 CDC474CEU6_Tester CDC474CEU6_Tester/STM32_Startup.o
                0x08000000                _vectors
                0x08000000                __vector_table
                0x08000000                g_pfnVectors
                0x080001d8                        __vectors_end__ = (__vectors_start__ + SIZEOF (.vectors))
                0x000001d8                        __vectors_size__ = SIZEOF (.vectors)
                0x080001d8                        __vectors_load_end__ = __vectors_end__
                0x00000001                        . = ASSERT (((__vectors_start__ == __vectors_end__) || ((__vectors_end__ - __FLASH_segment_start__) <= __FLASH_segment_size__)), error: .vectors is too large to fit in FLASH memory segment)
                0x080001d8                        __init_load_start__ = ALIGN (__vectors_end__, 0x4)

.init           0x080001d8      0x268
                0x080001d8                        __init_start__ = .
 *(.init .init.*)
 .init          0x080001d8      0x100 CDC474CEU6_Tester CDC474CEU6_Tester/STM32_Startup.o
                0x080001ea                WWDG_IRQHandler
                0x080001ec                PVD_PVM_IRQHandler
                0x080001ee                RTC_TAMP_LSECSS_IRQHandler
                0x080001f0                RTC_WKUP_IRQHandler
                0x080001f2                FLASH_IRQHandler
                0x080001f4                RCC_IRQHandler
                0x080001f6                EXTI0_IRQHandler
                0x080001f8                EXTI1_IRQHandler
                0x080001fa                EXTI2_IRQHandler
                0x080001fc                EXTI3_IRQHandler
                0x080001fe                EXTI4_IRQHandler
                0x08000200                DMA1_Channel1_IRQHandler
                0x08000202                DMA1_Channel2_IRQHandler
                0x08000204                DMA1_Channel3_IRQHandler
                0x08000206                DMA1_Channel4_IRQHandler
                0x08000208                DMA1_Channel5_IRQHandler
                0x0800020a                DMA1_Channel6_IRQHandler
                0x0800020c                DMA1_Channel7_IRQHandler
                0x0800020e                ADC1_2_IRQHandler
                0x08000210                USB_HP_IRQHandler
                0x08000214                FDCAN1_IT0_IRQHandler
                0x08000216                FDCAN1_IT1_IRQHandler
                0x08000218                EXTI9_5_IRQHandler
                0x0800021a                TIM1_BRK_TIM15_IRQHandler
                0x0800021c                TIM1_UP_TIM16_IRQHandler
                0x0800021e                TIM1_TRG_COM_TIM17_IRQHandler
                0x08000220                TIM1_CC_IRQHandler
                0x08000222                TIM2_IRQHandler
                0x08000224                TIM3_IRQHandler
                0x08000226                TIM4_IRQHandler
                0x08000228                I2C1_EV_IRQHandler
                0x0800022a                I2C1_ER_IRQHandler
                0x0800022c                I2C2_EV_IRQHandler
                0x0800022e                I2C2_ER_IRQHandler
                0x08000230                SPI1_IRQHandler
                0x08000232                SPI2_IRQHandler
                0x08000234                USART1_IRQHandler
                0x08000236                USART2_IRQHandler
                0x08000238                USART3_IRQHandler
                0x0800023a                EXTI15_10_IRQHandler
                0x0800023c                RTC_Alarm_IRQHandler
                0x0800023e                USBWakeUp_IRQHandler
                0x08000240                TIM8_BRK_IRQHandler
                0x08000242                TIM8_UP_IRQHandler
                0x08000244                TIM8_TRG_COM_IRQHandler
                0x08000246                TIM8_CC_IRQHandler
                0x08000248                ADC3_IRQHandler
                0x0800024a                FMC_IRQHandler
                0x0800024c                LPTIM1_IRQHandler
                0x0800024e                TIM5_IRQHandler
                0x08000250                SPI3_IRQHandler
                0x08000252                UART4_IRQHandler
                0x08000254                UART5_IRQHandler
                0x08000256                TIM6_DAC_IRQHandler
                0x08000258                TIM7_DAC_IRQHandler
                0x0800025a                DMA2_Channel1_IRQHandler
                0x0800025c                DMA2_Channel2_IRQHandler
                0x0800025e                DMA2_Channel3_IRQHandler
                0x08000260                DMA2_Channel4_IRQHandler
                0x08000262                DMA2_Channel5_IRQHandler
                0x08000264                ADC4_IRQHandler
                0x08000266                ADC5_IRQHandler
                0x08000268                UCPD1_IRQHandler
                0x0800026a                COMP1_2_3_IRQHandler
                0x0800026c                COMP4_5_6_IRQHandler
                0x0800026e                COMP7_IRQHandler
                0x08000270                HRTIM1_Master_IRQHandler
                0x08000272                HRTIM1_TIMA_IRQHandler
                0x08000274                HRTIM1_TIMB_IRQHandler
                0x08000276                HRTIM1_TIMC_IRQHandler
                0x08000278                HRTIM1_TIMD_IRQHandler
                0x0800027a                HRTIM1_TIME_IRQHandler
                0x0800027c                HRTIM1_FLT_IRQHandler
                0x0800027e                HRTIM1_TIMF_IRQHandler
                0x08000280                CRS_IRQHandler
                0x08000282                SAI1_IRQHandler
                0x08000284                TIM20_BRK_IRQHandler
                0x08000286                TIM20_UP_IRQHandler
                0x08000288                TIM20_TRG_COM_IRQHandler
                0x0800028a                TIM20_CC_IRQHandler
                0x0800028c                FPU_IRQHandler
                0x0800028e                I2C4_EV_IRQHandler
                0x08000290                I2C4_ER_IRQHandler
                0x08000292                SPI4_IRQHandler
                0x08000294                FDCAN2_IT0_IRQHandler
                0x08000296                FDCAN2_IT1_IRQHandler
                0x08000298                FDCAN3_IT0_IRQHandler
                0x0800029a                FDCAN3_IT1_IRQHandler
                0x0800029c                RNG_IRQHandler
                0x0800029e                LPUART1_IRQHandler
                0x080002a0                I2C3_EV_IRQHandler
                0x080002a2                I2C3_ER_IRQHandler
                0x080002a4                DMAMUX_OVR_IRQHandler
                0x080002a6                QUADSPI_IRQHandler
                0x080002a8                DMA1_Channel8_IRQHandler
                0x080002aa                DMA2_Channel6_IRQHandler
                0x080002ac                DMA2_Channel7_IRQHandler
                0x080002ae                DMA2_Channel8_IRQHandler
                0x080002b0                CORDIC_IRQHandler
                0x080002b2                FMAC_IRQHandler
                0x080002b4                reset_handler
 .init          0x080002d8      0x168 CDC474CEU6_Tester CDC474CEU6_Tester/thumb_crt0.o
                0x080002d8                _start
                0x08000382                _Exit
                0x08000382                exit
                0x08000440                        __init_end__ = (__init_start__ + SIZEOF (.init))
                0x00000268                        __init_size__ = SIZEOF (.init)
                0x08000440                        __init_load_end__ = __init_end__
                0x00000001                        . = ASSERT (((__init_start__ == __init_end__) || ((__init_end__ - __FLASH_segment_start__) <= __FLASH_segment_size__)), error: .init is too large to fit in FLASH memory segment)
                0x08000440                        __init_rodata_load_start__ = ALIGN (__init_end__, 0x4)

.init_rodata    0x08000440        0x0
                0x08000440                        __init_rodata_start__ = .
 *(.init_rodata .init_rodata.*)
                0x08000440                        __init_rodata_end__ = (__init_rodata_start__ + SIZEOF (.init_rodata))
                0x00000000                        __init_rodata_size__ = SIZEOF (.init_rodata)
                0x08000440                        __init_rodata_load_end__ = __init_rodata_end__
                0x00000001                        . = ASSERT (((__init_rodata_start__ == __init_rodata_end__) || ((__init_rodata_end__ - __FLASH_segment_start__) <= __FLASH_segment_size__)), error: .init_rodata is too large to fit in FLASH memory segment)
                0x08000440                        __text_load_start__ = ALIGN (__init_rodata_end__, 0x4)

.text           0x08000440     0x9306
                0x08000440                        __text_start__ = .
 *(.text .text.* .gnu.linkonce.t.* .glue_7t .glue_7 .gcc_except_table .ARM.extab* .gnu.linkonce.armextab.*)
 .glue_7        0x08000440        0x0 linker stubs
 .glue_7t       0x08000440        0x0 linker stubs
 .text.main     0x08000440       0xe4 CDC474CEU6_Tester CDC474CEU6_Tester/main.o
                0x08000440                main
 .text.SystemClock_Config
                0x08000524       0x92 CDC474CEU6_Tester CDC474CEU6_Tester/main.o
                0x08000524                SystemClock_Config
 *fill*         0x080005b6        0x2 
 .text.MX_GPIO_Init
                0x080005b8       0x78 CDC474CEU6_Tester CDC474CEU6_Tester/main.o
 .text.Error_Handler
                0x08000630        0x6 CDC474CEU6_Tester CDC474CEU6_Tester/main.o
                0x08000630                Error_Handler
 *fill*         0x08000636        0x2 
 .text.HAL_MspInit
                0x08000638       0x44 CDC474CEU6_Tester CDC474CEU6_Tester/stm32g4xx_hal_msp.o
                0x08000638                HAL_MspInit
 .text.NMI_Handler
                0x0800067c        0x2 CDC474CEU6_Tester CDC474CEU6_Tester/stm32g4xx_it.o
                0x0800067c                NMI_Handler
 .text.HardFault_Handler
                0x0800067e        0x2 CDC474CEU6_Tester CDC474CEU6_Tester/stm32g4xx_it.o
                0x0800067e                HardFault_Handler
 .text.MemManage_Handler
                0x08000680        0x2 CDC474CEU6_Tester CDC474CEU6_Tester/stm32g4xx_it.o
                0x08000680                MemManage_Handler
 .text.BusFault_Handler
                0x08000682        0x2 CDC474CEU6_Tester CDC474CEU6_Tester/stm32g4xx_it.o
                0x08000682                BusFault_Handler
 .text.UsageFault_Handler
                0x08000684        0x2 CDC474CEU6_Tester CDC474CEU6_Tester/stm32g4xx_it.o
                0x08000684                UsageFault_Handler
 .text.SVC_Handler
                0x08000686        0x4 CDC474CEU6_Tester CDC474CEU6_Tester/stm32g4xx_it.o
                0x08000686                SVC_Handler
 .text.DebugMon_Handler
                0x0800068a        0x4 CDC474CEU6_Tester CDC474CEU6_Tester/stm32g4xx_it.o
                0x0800068a                DebugMon_Handler
 .text.PendSV_Handler
                0x0800068e        0x4 CDC474CEU6_Tester CDC474CEU6_Tester/stm32g4xx_it.o
                0x0800068e                PendSV_Handler
 .text.SysTick_Handler
                0x08000692        0xa CDC474CEU6_Tester CDC474CEU6_Tester/stm32g4xx_it.o
                0x08000692                SysTick_Handler
 .text.USB_LP_IRQHandler
                0x0800069c       0x10 CDC474CEU6_Tester CDC474CEU6_Tester/stm32g4xx_it.o
                0x0800069c                USB_LP_IRQHandler
 .text.MX_USB_Device_Init
                0x080006ac       0x60 CDC474CEU6_Tester CDC474CEU6_Tester/usb_device.o
                0x080006ac                MX_USB_Device_Init
 .text.CDC_Init_FS
                0x0800070c       0x28 CDC474CEU6_Tester CDC474CEU6_Tester/usbd_cdc_if.o
 .text.CDC_DeInit_FS
                0x08000734        0x6 CDC474CEU6_Tester CDC474CEU6_Tester/usbd_cdc_if.o
 *fill*         0x0800073a        0x2 
 .text.CDC_Control_FS
                0x0800073c       0xbc CDC474CEU6_Tester CDC474CEU6_Tester/usbd_cdc_if.o
 .text.CDC_Receive_FS
                0x080007f8       0x3c CDC474CEU6_Tester CDC474CEU6_Tester/usbd_cdc_if.o
 .text.CDC_Transmit_FS
                0x08000834       0x54 CDC474CEU6_Tester CDC474CEU6_Tester/usbd_cdc_if.o
                0x08000834                CDC_Transmit_FS
 .text.CDC_TransmitCplt_FS
                0x08000888       0x1c CDC474CEU6_Tester CDC474CEU6_Tester/usbd_cdc_if.o
 .text.USBD_CDC_DeviceDescriptor
                0x080008a4       0x1c CDC474CEU6_Tester CDC474CEU6_Tester/usbd_desc.o
                0x080008a4                USBD_CDC_DeviceDescriptor
 .text.USBD_CDC_LangIDStrDescriptor
                0x080008c0       0x1c CDC474CEU6_Tester CDC474CEU6_Tester/usbd_desc.o
                0x080008c0                USBD_CDC_LangIDStrDescriptor
 .text.USBD_CDC_ProductStrDescriptor
                0x080008dc       0x3c CDC474CEU6_Tester CDC474CEU6_Tester/usbd_desc.o
                0x080008dc                USBD_CDC_ProductStrDescriptor
 .text.USBD_CDC_ManufacturerStrDescriptor
                0x08000918       0x28 CDC474CEU6_Tester CDC474CEU6_Tester/usbd_desc.o
                0x08000918                USBD_CDC_ManufacturerStrDescriptor
 .text.USBD_CDC_SerialStrDescriptor
                0x08000940       0x24 CDC474CEU6_Tester CDC474CEU6_Tester/usbd_desc.o
                0x08000940                USBD_CDC_SerialStrDescriptor
 .text.USBD_CDC_ConfigStrDescriptor
                0x08000964       0x3c CDC474CEU6_Tester CDC474CEU6_Tester/usbd_desc.o
                0x08000964                USBD_CDC_ConfigStrDescriptor
 .text.USBD_CDC_InterfaceStrDescriptor
                0x080009a0       0x3c CDC474CEU6_Tester CDC474CEU6_Tester/usbd_desc.o
                0x080009a0                USBD_CDC_InterfaceStrDescriptor
 .text.Get_SerialNum
                0x080009dc       0x54 CDC474CEU6_Tester CDC474CEU6_Tester/usbd_desc.o
 .text.IntToUnicode
                0x08000a30       0x88 CDC474CEU6_Tester CDC474CEU6_Tester/usbd_desc.o
 .text.HAL_PCD_MspInit
                0x08000ab8       0x74 CDC474CEU6_Tester CDC474CEU6_Tester/usbd_conf.o
                0x08000ab8                HAL_PCD_MspInit
 .text.HAL_PCD_SetupStageCallback
                0x08000b2c       0x22 CDC474CEU6_Tester CDC474CEU6_Tester/usbd_conf.o
                0x08000b2c                HAL_PCD_SetupStageCallback
 .text.HAL_PCD_DataOutStageCallback
                0x08000b4e       0x3a CDC474CEU6_Tester CDC474CEU6_Tester/usbd_conf.o
                0x08000b4e                HAL_PCD_DataOutStageCallback
 .text.HAL_PCD_DataInStageCallback
                0x08000b88       0x38 CDC474CEU6_Tester CDC474CEU6_Tester/usbd_conf.o
                0x08000b88                HAL_PCD_DataInStageCallback
 .text.HAL_PCD_SOFCallback
                0x08000bc0       0x1a CDC474CEU6_Tester CDC474CEU6_Tester/usbd_conf.o
                0x08000bc0                HAL_PCD_SOFCallback
 .text.HAL_PCD_ResetCallback
                0x08000bda       0x3e CDC474CEU6_Tester CDC474CEU6_Tester/usbd_conf.o
                0x08000bda                HAL_PCD_ResetCallback
 .text.HAL_PCD_SuspendCallback
                0x08000c18       0x34 CDC474CEU6_Tester CDC474CEU6_Tester/usbd_conf.o
                0x08000c18                HAL_PCD_SuspendCallback
 .text.HAL_PCD_ResumeCallback
                0x08000c4c       0x38 CDC474CEU6_Tester CDC474CEU6_Tester/usbd_conf.o
                0x08000c4c                HAL_PCD_ResumeCallback
 .text.USBD_LL_Init
                0x08000c84       0xbc CDC474CEU6_Tester CDC474CEU6_Tester/usbd_conf.o
                0x08000c84                USBD_LL_Init
 .text.USBD_LL_Start
                0x08000d40       0x40 CDC474CEU6_Tester CDC474CEU6_Tester/usbd_conf.o
                0x08000d40                USBD_LL_Start
 .text.USBD_LL_OpenEP
                0x08000d80       0x62 CDC474CEU6_Tester CDC474CEU6_Tester/usbd_conf.o
                0x08000d80                USBD_LL_OpenEP
 .text.USBD_LL_CloseEP
                0x08000de2       0x4c CDC474CEU6_Tester CDC474CEU6_Tester/usbd_conf.o
                0x08000de2                USBD_LL_CloseEP
 .text.USBD_LL_StallEP
                0x08000e2e       0x4c CDC474CEU6_Tester CDC474CEU6_Tester/usbd_conf.o
                0x08000e2e                USBD_LL_StallEP
 .text.USBD_LL_ClearStallEP
                0x08000e7a       0x4c CDC474CEU6_Tester CDC474CEU6_Tester/usbd_conf.o
                0x08000e7a                USBD_LL_ClearStallEP
 .text.USBD_LL_IsStallEP
                0x08000ec6       0x54 CDC474CEU6_Tester CDC474CEU6_Tester/usbd_conf.o
                0x08000ec6                USBD_LL_IsStallEP
 .text.USBD_LL_SetUSBAddress
                0x08000f1a       0x4c CDC474CEU6_Tester CDC474CEU6_Tester/usbd_conf.o
                0x08000f1a                USBD_LL_SetUSBAddress
 .text.USBD_LL_Transmit
                0x08000f66       0x50 CDC474CEU6_Tester CDC474CEU6_Tester/usbd_conf.o
                0x08000f66                USBD_LL_Transmit
 .text.USBD_LL_PrepareReceive
                0x08000fb6       0x50 CDC474CEU6_Tester CDC474CEU6_Tester/usbd_conf.o
                0x08000fb6                USBD_LL_PrepareReceive
 .text.USBD_LL_GetRxDataSize
                0x08001006       0x28 CDC474CEU6_Tester CDC474CEU6_Tester/usbd_conf.o
                0x08001006                USBD_LL_GetRxDataSize
 *fill*         0x0800102e        0x2 
 .text.HAL_PCDEx_LPM_Callback
                0x08001030       0x70 CDC474CEU6_Tester CDC474CEU6_Tester/usbd_conf.o
                0x08001030                HAL_PCDEx_LPM_Callback
 .text.USBD_static_malloc
                0x080010a0       0x10 CDC474CEU6_Tester CDC474CEU6_Tester/usbd_conf.o
                0x080010a0                USBD_static_malloc
 .text.USBD_static_free
                0x080010b0        0xa CDC474CEU6_Tester CDC474CEU6_Tester/usbd_conf.o
                0x080010b0                USBD_static_free
 .text.SystemClockConfig_Resume
                0x080010ba        0xa CDC474CEU6_Tester CDC474CEU6_Tester/usbd_conf.o
 .text.USBD_Get_USB_Status
                0x080010c4       0x60 CDC474CEU6_Tester CDC474CEU6_Tester/usbd_conf.o
 .text.SystemInit
                0x08001124        0x4 CDC474CEU6_Tester CDC474CEU6_Tester/system_stm32g4xx.o
                0x08001124                SystemInit
 .text.HAL_Init
                0x08001128       0x34 CDC474CEU6_Tester CDC474CEU6_Tester/stm32g4xx_hal.o
                0x08001128                HAL_Init
 .text.HAL_InitTick
                0x0800115c       0x7c CDC474CEU6_Tester CDC474CEU6_Tester/stm32g4xx_hal.o
                0x0800115c                HAL_InitTick
 .text.HAL_IncTick
                0x080011d8       0x1c CDC474CEU6_Tester CDC474CEU6_Tester/stm32g4xx_hal.o
                0x080011d8                HAL_IncTick
 .text.HAL_GetTick
                0x080011f4        0xc CDC474CEU6_Tester CDC474CEU6_Tester/stm32g4xx_hal.o
                0x080011f4                HAL_GetTick
 .text.HAL_Delay
                0x08001200       0x44 CDC474CEU6_Tester CDC474CEU6_Tester/stm32g4xx_hal.o
                0x08001200                HAL_Delay
 .text.__NVIC_SetPriorityGrouping
                0x08001244       0x40 CDC474CEU6_Tester CDC474CEU6_Tester/stm32g4xx_hal_cortex.o
 .text.__NVIC_GetPriorityGrouping
                0x08001284       0x14 CDC474CEU6_Tester CDC474CEU6_Tester/stm32g4xx_hal_cortex.o
 .text.__NVIC_EnableIRQ
                0x08001298       0x34 CDC474CEU6_Tester CDC474CEU6_Tester/stm32g4xx_hal_cortex.o
 .text.__NVIC_SetPriority
                0x080012cc       0x50 CDC474CEU6_Tester CDC474CEU6_Tester/stm32g4xx_hal_cortex.o
 .text.NVIC_EncodePriority
                0x0800131c       0x58 CDC474CEU6_Tester CDC474CEU6_Tester/stm32g4xx_hal_cortex.o
 .text.SysTick_Config
                0x08001374       0x40 CDC474CEU6_Tester CDC474CEU6_Tester/stm32g4xx_hal_cortex.o
 .text.HAL_NVIC_SetPriorityGrouping
                0x080013b4       0x14 CDC474CEU6_Tester CDC474CEU6_Tester/stm32g4xx_hal_cortex.o
                0x080013b4                HAL_NVIC_SetPriorityGrouping
 .text.HAL_NVIC_SetPriority
                0x080013c8       0x34 CDC474CEU6_Tester CDC474CEU6_Tester/stm32g4xx_hal_cortex.o
                0x080013c8                HAL_NVIC_SetPriority
 .text.HAL_NVIC_EnableIRQ
                0x080013fc       0x1c CDC474CEU6_Tester CDC474CEU6_Tester/stm32g4xx_hal_cortex.o
                0x080013fc                HAL_NVIC_EnableIRQ
 .text.HAL_SYSTICK_Config
                0x08001418       0x16 CDC474CEU6_Tester CDC474CEU6_Tester/stm32g4xx_hal_cortex.o
                0x08001418                HAL_SYSTICK_Config
 *fill*         0x0800142e        0x2 
 .text.HAL_GPIO_Init
                0x08001430      0x2fc CDC474CEU6_Tester CDC474CEU6_Tester/stm32g4xx_hal_gpio.o
                0x08001430                HAL_GPIO_Init
 .text.HAL_GPIO_WritePin
                0x0800172c       0x30 CDC474CEU6_Tester CDC474CEU6_Tester/stm32g4xx_hal_gpio.o
                0x0800172c                HAL_GPIO_WritePin
 .text.HAL_GPIO_TogglePin
                0x0800175c       0x30 CDC474CEU6_Tester CDC474CEU6_Tester/stm32g4xx_hal_gpio.o
                0x0800175c                HAL_GPIO_TogglePin
 .text.HAL_PCD_Init
                0x0800178c      0x1c6 CDC474CEU6_Tester CDC474CEU6_Tester/stm32g4xx_hal_pcd.o
                0x0800178c                HAL_PCD_Init
 .text.HAL_PCD_Start
                0x08001952       0x42 CDC474CEU6_Tester CDC474CEU6_Tester/stm32g4xx_hal_pcd.o
                0x08001952                HAL_PCD_Start
 .text.HAL_PCD_IRQHandler
                0x08001994      0x24c CDC474CEU6_Tester CDC474CEU6_Tester/stm32g4xx_hal_pcd.o
                0x08001994                HAL_PCD_IRQHandler
 .text.HAL_PCD_SetAddress
                0x08001be0       0x4c CDC474CEU6_Tester CDC474CEU6_Tester/stm32g4xx_hal_pcd.o
                0x08001be0                HAL_PCD_SetAddress
 .text.HAL_PCD_EP_Open
                0x08001c2c       0xd2 CDC474CEU6_Tester CDC474CEU6_Tester/stm32g4xx_hal_pcd.o
                0x08001c2c                HAL_PCD_EP_Open
 .text.HAL_PCD_EP_Close
                0x08001cfe       0x96 CDC474CEU6_Tester CDC474CEU6_Tester/stm32g4xx_hal_pcd.o
                0x08001cfe                HAL_PCD_EP_Close
 .text.HAL_PCD_EP_Receive
                0x08001d94       0x66 CDC474CEU6_Tester CDC474CEU6_Tester/stm32g4xx_hal_pcd.o
                0x08001d94                HAL_PCD_EP_Receive
 .text.HAL_PCD_EP_GetRxCount
                0x08001dfa       0x2a CDC474CEU6_Tester CDC474CEU6_Tester/stm32g4xx_hal_pcd.o
                0x08001dfa                HAL_PCD_EP_GetRxCount
 .text.HAL_PCD_EP_Transmit
                0x08001e24       0x72 CDC474CEU6_Tester CDC474CEU6_Tester/stm32g4xx_hal_pcd.o
                0x08001e24                HAL_PCD_EP_Transmit
 .text.HAL_PCD_EP_SetStall
                0x08001e96       0xac CDC474CEU6_Tester CDC474CEU6_Tester/stm32g4xx_hal_pcd.o
                0x08001e96                HAL_PCD_EP_SetStall
 .text.HAL_PCD_EP_ClrStall
                0x08001f42       0xb0 CDC474CEU6_Tester CDC474CEU6_Tester/stm32g4xx_hal_pcd.o
                0x08001f42                HAL_PCD_EP_ClrStall
 .text.PCD_EP_ISR_Handler
                0x08001ff2      0x6d6 CDC474CEU6_Tester CDC474CEU6_Tester/stm32g4xx_hal_pcd.o
 .text.HAL_PCD_EP_DB_Receive
                0x080026c8      0x248 CDC474CEU6_Tester CDC474CEU6_Tester/stm32g4xx_hal_pcd.o
 .text.HAL_PCD_EP_DB_Transmit
                0x08002910      0x87c CDC474CEU6_Tester CDC474CEU6_Tester/stm32g4xx_hal_pcd.o
 .text.HAL_PCDEx_PMAConfig
                0x0800318c       0x88 CDC474CEU6_Tester CDC474CEU6_Tester/stm32g4xx_hal_pcd_ex.o
                0x0800318c                HAL_PCDEx_PMAConfig
 .text.HAL_PCDEx_ActivateLPM
                0x08003214       0x4a CDC474CEU6_Tester CDC474CEU6_Tester/stm32g4xx_hal_pcd_ex.o
                0x08003214                HAL_PCDEx_ActivateLPM
 *fill*         0x0800325e        0x2 
 .text.HAL_PWREx_ControlVoltageScaling
                0x08003260      0x140 CDC474CEU6_Tester CDC474CEU6_Tester/stm32g4xx_hal_pwr_ex.o
                0x08003260                HAL_PWREx_ControlVoltageScaling
 .text.HAL_PWREx_DisableUCPDDeadBattery
                0x080033a0       0x14 CDC474CEU6_Tester CDC474CEU6_Tester/stm32g4xx_hal_pwr_ex.o
                0x080033a0                HAL_PWREx_DisableUCPDDeadBattery
 .text.HAL_RCC_OscConfig
                0x080033b4      0x628 CDC474CEU6_Tester CDC474CEU6_Tester/stm32g4xx_hal_rcc.o
                0x080033b4                HAL_RCC_OscConfig
 .text.HAL_RCC_ClockConfig
                0x080039dc      0x274 CDC474CEU6_Tester CDC474CEU6_Tester/stm32g4xx_hal_rcc.o
                0x080039dc                HAL_RCC_ClockConfig
 .text.HAL_RCC_GetSysClockFreq
                0x08003c50       0xb8 CDC474CEU6_Tester CDC474CEU6_Tester/stm32g4xx_hal_rcc.o
                0x08003c50                HAL_RCC_GetSysClockFreq
 .text.RCC_GetSysClockFreqFromPLLSource
                0x08003d08       0x84 CDC474CEU6_Tester CDC474CEU6_Tester/stm32g4xx_hal_rcc.o
 .text.HAL_RCCEx_PeriphCLKConfig
                0x08003d8c      0x4b4 CDC474CEU6_Tester CDC474CEU6_Tester/stm32g4xx_hal_rcc_ex.o
                0x08003d8c                HAL_RCCEx_PeriphCLKConfig
 .text.USB_EnableGlobalInt
                0x08004240       0x24 CDC474CEU6_Tester CDC474CEU6_Tester/stm32g4xx_ll_usb.o
                0x08004240                USB_EnableGlobalInt
 .text.USB_DisableGlobalInt
                0x08004264       0x2c CDC474CEU6_Tester CDC474CEU6_Tester/stm32g4xx_ll_usb.o
                0x08004264                USB_DisableGlobalInt
 .text.USB_DevInit
                0x08004290       0x32 CDC474CEU6_Tester CDC474CEU6_Tester/stm32g4xx_ll_usb.o
                0x08004290                USB_DevInit
 *fill*         0x080042c2        0x2 
 .text.USB_ActivateEndpoint
                0x080042c4      0x9d4 CDC474CEU6_Tester CDC474CEU6_Tester/stm32g4xx_ll_usb.o
                0x080042c4                USB_ActivateEndpoint
 .text.USB_DeactivateEndpoint
                0x08004c98      0x420 CDC474CEU6_Tester CDC474CEU6_Tester/stm32g4xx_ll_usb.o
                0x08004c98                USB_DeactivateEndpoint
 .text.USB_EPStartXfer
                0x080050b8      0xa7c CDC474CEU6_Tester CDC474CEU6_Tester/stm32g4xx_ll_usb.o
                0x080050b8                USB_EPStartXfer
 .text.USB_EPSetStall
                0x08005b34       0xa8 CDC474CEU6_Tester CDC474CEU6_Tester/stm32g4xx_ll_usb.o
                0x08005b34                USB_EPSetStall
 .text.USB_EPClearStall
                0x08005bdc      0x16c CDC474CEU6_Tester CDC474CEU6_Tester/stm32g4xx_ll_usb.o
                0x08005bdc                USB_EPClearStall
 .text.USB_SetDevAddress
                0x08005d48       0x22 CDC474CEU6_Tester CDC474CEU6_Tester/stm32g4xx_ll_usb.o
                0x08005d48                USB_SetDevAddress
 .text.USB_DevConnect
                0x08005d6a       0x24 CDC474CEU6_Tester CDC474CEU6_Tester/stm32g4xx_ll_usb.o
                0x08005d6a                USB_DevConnect
 .text.USB_ReadInterrupts
                0x08005d8e       0x16 CDC474CEU6_Tester CDC474CEU6_Tester/stm32g4xx_ll_usb.o
                0x08005d8e                USB_ReadInterrupts
 .text.USB_WritePMA
                0x08005da4       0x8a CDC474CEU6_Tester CDC474CEU6_Tester/stm32g4xx_ll_usb.o
                0x08005da4                USB_WritePMA
 .text.USB_ReadPMA
                0x08005e2e       0x98 CDC474CEU6_Tester CDC474CEU6_Tester/stm32g4xx_ll_usb.o
                0x08005e2e                USB_ReadPMA
 .text.USBD_CDC_Init
                0x08005ec6       0xfe CDC474CEU6_Tester CDC474CEU6_Tester/usbd_cdc.o
 .text.USBD_CDC_DeInit
                0x08005fc4       0x74 CDC474CEU6_Tester CDC474CEU6_Tester/usbd_cdc.o
 .text.USBD_CDC_Setup
                0x08006038      0x1a4 CDC474CEU6_Tester CDC474CEU6_Tester/usbd_cdc.o
 .text.USBD_CDC_DataIn
                0x080061dc       0xd6 CDC474CEU6_Tester CDC474CEU6_Tester/usbd_cdc.o
 .text.USBD_CDC_DataOut
                0x080062b2       0x58 CDC474CEU6_Tester CDC474CEU6_Tester/usbd_cdc.o
 .text.USBD_CDC_EP0_RxReady
                0x0800630a       0x56 CDC474CEU6_Tester CDC474CEU6_Tester/usbd_cdc.o
 .text.USBD_CDC_GetFSCfgDesc
                0x08006360       0x18 CDC474CEU6_Tester CDC474CEU6_Tester/usbd_cdc.o
 .text.USBD_CDC_GetHSCfgDesc
                0x08006378       0x18 CDC474CEU6_Tester CDC474CEU6_Tester/usbd_cdc.o
 .text.USBD_CDC_GetOtherSpeedCfgDesc
                0x08006390       0x18 CDC474CEU6_Tester CDC474CEU6_Tester/usbd_cdc.o
 .text.USBD_CDC_GetDeviceQualifierDescriptor
                0x080063a8       0x18 CDC474CEU6_Tester CDC474CEU6_Tester/usbd_cdc.o
                0x080063a8                USBD_CDC_GetDeviceQualifierDescriptor
 .text.USBD_CDC_RegisterInterface
                0x080063c0       0x20 CDC474CEU6_Tester CDC474CEU6_Tester/usbd_cdc.o
                0x080063c0                USBD_CDC_RegisterInterface
 .text.USBD_CDC_SetTxBuffer
                0x080063e0       0x32 CDC474CEU6_Tester CDC474CEU6_Tester/usbd_cdc.o
                0x080063e0                USBD_CDC_SetTxBuffer
 .text.USBD_CDC_SetRxBuffer
                0x08006412       0x28 CDC474CEU6_Tester CDC474CEU6_Tester/usbd_cdc.o
                0x08006412                USBD_CDC_SetRxBuffer
 .text.USBD_CDC_TransmitPacket
                0x0800643a       0x64 CDC474CEU6_Tester CDC474CEU6_Tester/usbd_cdc.o
                0x0800643a                USBD_CDC_TransmitPacket
 .text.USBD_CDC_ReceivePacket
                0x0800649e       0x52 CDC474CEU6_Tester CDC474CEU6_Tester/usbd_cdc.o
                0x0800649e                USBD_CDC_ReceivePacket
 .text.USBD_Init
                0x080064f0       0x66 CDC474CEU6_Tester CDC474CEU6_Tester/usbd_core.o
                0x080064f0                USBD_Init
 .text.USBD_RegisterClass
                0x08006556       0x4e CDC474CEU6_Tester CDC474CEU6_Tester/usbd_core.o
                0x08006556                USBD_RegisterClass
 .text.USBD_Start
                0x080065a4       0x16 CDC474CEU6_Tester CDC474CEU6_Tester/usbd_core.o
                0x080065a4                USBD_Start
 .text.USBD_RunTestMode
                0x080065ba        0xc CDC474CEU6_Tester CDC474CEU6_Tester/usbd_core.o
                0x080065ba                USBD_RunTestMode
 .text.USBD_SetClassConfig
                0x080065c6       0x40 CDC474CEU6_Tester CDC474CEU6_Tester/usbd_core.o
                0x080065c6                USBD_SetClassConfig
 .text.USBD_ClrClassConfig
                0x08006606       0x32 CDC474CEU6_Tester CDC474CEU6_Tester/usbd_core.o
                0x08006606                USBD_ClrClassConfig
 .text.USBD_LL_SetupStage
                0x08006638       0xb2 CDC474CEU6_Tester CDC474CEU6_Tester/usbd_core.o
                0x08006638                USBD_LL_SetupStage
 .text.USBD_LL_DataOutStage
                0x080066ea       0xd0 CDC474CEU6_Tester CDC474CEU6_Tester/usbd_core.o
                0x080066ea                USBD_LL_DataOutStage
 .text.USBD_LL_DataInStage
                0x080067ba      0x136 CDC474CEU6_Tester CDC474CEU6_Tester/usbd_core.o
                0x080067ba                USBD_LL_DataInStage
 .text.USBD_LL_Reset
                0x080068f0       0x9a CDC474CEU6_Tester CDC474CEU6_Tester/usbd_core.o
                0x080068f0                USBD_LL_Reset
 .text.USBD_LL_SetSpeed
                0x0800698a       0x1a CDC474CEU6_Tester CDC474CEU6_Tester/usbd_core.o
                0x0800698a                USBD_LL_SetSpeed
 .text.USBD_LL_Suspend
                0x080069a4       0x22 CDC474CEU6_Tester CDC474CEU6_Tester/usbd_core.o
                0x080069a4                USBD_LL_Suspend
 .text.USBD_LL_Resume
                0x080069c6       0x26 CDC474CEU6_Tester CDC474CEU6_Tester/usbd_core.o
                0x080069c6                USBD_LL_Resume
 .text.USBD_LL_SOF
                0x080069ec       0x42 CDC474CEU6_Tester CDC474CEU6_Tester/usbd_core.o
                0x080069ec                USBD_LL_SOF
 .text.SWAPBYTE
                0x08006a2e       0x3c CDC474CEU6_Tester CDC474CEU6_Tester/usbd_ctlreq.o
 *fill*         0x08006a6a        0x2 
 .text.USBD_StdDevReq
                0x08006a6c       0xe4 CDC474CEU6_Tester CDC474CEU6_Tester/usbd_ctlreq.o
                0x08006a6c                USBD_StdDevReq
 .text.USBD_StdItfReq
                0x08006b50       0x98 CDC474CEU6_Tester CDC474CEU6_Tester/usbd_ctlreq.o
                0x08006b50                USBD_StdItfReq
 .text.USBD_StdEPReq
                0x08006be8      0x2fa CDC474CEU6_Tester CDC474CEU6_Tester/usbd_ctlreq.o
                0x08006be8                USBD_StdEPReq
 *fill*         0x08006ee2        0x2 
 .text.USBD_GetDescriptor
                0x08006ee4      0x348 CDC474CEU6_Tester CDC474CEU6_Tester/usbd_ctlreq.o
 .text.USBD_SetAddress
                0x0800722c       0x8e CDC474CEU6_Tester CDC474CEU6_Tester/usbd_ctlreq.o
 *fill*         0x080072ba        0x2 
 .text.USBD_SetConfig
                0x080072bc      0x158 CDC474CEU6_Tester CDC474CEU6_Tester/usbd_ctlreq.o
 .text.USBD_GetConfig
                0x08007414       0x6a CDC474CEU6_Tester CDC474CEU6_Tester/usbd_ctlreq.o
 .text.USBD_GetStatus
                0x0800747e       0x66 CDC474CEU6_Tester CDC474CEU6_Tester/usbd_ctlreq.o
 .text.USBD_SetFeature
                0x080074e4       0x26 CDC474CEU6_Tester CDC474CEU6_Tester/usbd_ctlreq.o
 .text.USBD_ClrFeature
                0x0800750a       0x42 CDC474CEU6_Tester CDC474CEU6_Tester/usbd_ctlreq.o
 .text.USBD_ParseSetupRequest
                0x0800754c       0x72 CDC474CEU6_Tester CDC474CEU6_Tester/usbd_ctlreq.o
                0x0800754c                USBD_ParseSetupRequest
 .text.USBD_CtlError
                0x080075be       0x20 CDC474CEU6_Tester CDC474CEU6_Tester/usbd_ctlreq.o
                0x080075be                USBD_CtlError
 .text.USBD_GetString
                0x080075de       0xa4 CDC474CEU6_Tester CDC474CEU6_Tester/usbd_ctlreq.o
                0x080075de                USBD_GetString
 .text.USBD_GetLen
                0x08007682       0x32 CDC474CEU6_Tester CDC474CEU6_Tester/usbd_ctlreq.o
 .text.USBD_CtlSendData
                0x080076b4       0x34 CDC474CEU6_Tester CDC474CEU6_Tester/usbd_ioreq.o
                0x080076b4                USBD_CtlSendData
 .text.USBD_CtlContinueSendData
                0x080076e8       0x20 CDC474CEU6_Tester CDC474CEU6_Tester/usbd_ioreq.o
                0x080076e8                USBD_CtlContinueSendData
 .text.USBD_CtlPrepareRx
                0x08007708       0x38 CDC474CEU6_Tester CDC474CEU6_Tester/usbd_ioreq.o
                0x08007708                USBD_CtlPrepareRx
 .text.USBD_CtlContinueRx
                0x08007740       0x20 CDC474CEU6_Tester CDC474CEU6_Tester/usbd_ioreq.o
                0x08007740                USBD_CtlContinueRx
 .text.USBD_CtlSendStatus
                0x08007760       0x24 CDC474CEU6_Tester CDC474CEU6_Tester/usbd_ioreq.o
                0x08007760                USBD_CtlSendStatus
 .text.USBD_CtlReceiveStatus
                0x08007784       0x24 CDC474CEU6_Tester CDC474CEU6_Tester/usbd_ioreq.o
                0x08007784                USBD_CtlReceiveStatus
 .text.__aeabi_read_tp
                0x080077a8        0x8 CDC474CEU6_Tester CDC474CEU6_Tester/thumb_crt0.o
                0x080077a8                __aeabi_read_tp
 .text.libc.__RAL_pow10
                0x080077b0       0x54 /usr/share/crossworks_for_arm_5.3/lib/libc_v7em_t_le_eabi.a(libc2.o)
                0x080077b0                __RAL_pow10
 .text.libc.__putc
                0x08007804       0x36 /usr/share/crossworks_for_arm_5.3/lib/libc_v7em_t_le_eabi.a(libc2.o)
                0x08007804                __putc
 .text.libc.__RAL_print_padding
                0x0800783a       0x1c /usr/share/crossworks_for_arm_5.3/lib/libc_v7em_t_le_eabi.a(libc2.o)
                0x0800783a                __RAL_print_padding
 .text.libc.__RAL_pre_padding
                0x08007856       0x1a /usr/share/crossworks_for_arm_5.3/lib/libc_v7em_t_le_eabi.a(libc2.o)
                0x08007856                __RAL_pre_padding
 .text.libc.abs
                0x08007870        0x8 /usr/share/crossworks_for_arm_5.3/lib/libc_v7em_t_le_eabi.a(libc2.o)
                0x08007870                abs
 .text.libc.__aeabi_errno_addr
                0x08007878       0x14 /usr/share/crossworks_for_arm_5.3/lib/libc_v7em_t_le_eabi.a(libc2.o)
                0x08007878                __aeabi_errno_addr
 .text.libc.sprintf
                0x0800788c       0x2a /usr/share/crossworks_for_arm_5.3/lib/libc_v7em_t_le_eabi.a(libc2.o)
                0x0800788c                sprintf
 .text.libc.strnlen
                0x080078b6       0x1e /usr/share/crossworks_for_arm_5.3/lib/libc_v7em_t_le_eabi.a(libc2.o)
                0x080078b6                strnlen
 .text.libc.memcpy
                0x080078d4       0x52 /usr/share/crossworks_for_arm_5.3/lib/libc_v7em_t_le_eabi.a(libc2_asm.o)
                0x080078d4                memcpy
                0x080078d4                __aeabi_memcpy
                0x080078e0                __aeabi_memcpy4
                0x080078e0                __aeabi_memcpy8
 .text.libc.memset
                0x08007926       0x66 /usr/share/crossworks_for_arm_5.3/lib/libc_v7em_t_le_eabi.a(libc2_asm.o)
                0x08007926                memset
 .text.libc.strlen
                0x0800798c       0x5e /usr/share/crossworks_for_arm_5.3/lib/libc_v7em_t_le_eabi.a(libc2_asm.o)
                0x0800798c                strlen
 *fill*         0x080079ea        0x6 
 .text.libc.__vfprintf_float_long_long
                0x080079f0     0x11fc /usr/share/crossworks_for_arm_5.3/lib/libc_v7em_t_le_eabi.a(libvfprintf.o)
                0x080079f0                __vfprintf_float_long_long
 .text.libc.__int64_to_float64
                0x08008bec       0xa0 /usr/share/crossworks_for_arm_5.3/lib/libm_v7em_t_le_eabi.a(libm_asm.o)
                0x08008bec                __floatdidf
                0x08008bec                __int64_to_float64
                0x08008bec                __aeabi_l2d
                0x08008c10                __RAL_aeabi_l2d_common
 .text.libc.__uint64_to_float64
                0x08008c8c       0x14 /usr/share/crossworks_for_arm_5.3/lib/libm_v7em_t_le_eabi.a(libm_asm.o)
                0x08008c8c                __uint64_to_float64
                0x08008c8c                __aeabi_ul2d
                0x08008c8c                __floatundidf
 .text.libc.__float64_to_uint64
                0x08008ca0       0x48 /usr/share/crossworks_for_arm_5.3/lib/libm_v7em_t_le_eabi.a(libm_asm.o)
                0x08008ca0                __aeabi_d2ulz
                0x08008ca0                __fixunsdfdi
                0x08008ca0                __float64_to_uint64
 .text.libc.__float64_add
                0x08008ce8      0x294 /usr/share/crossworks_for_arm_5.3/lib/libm_v7em_t_le_eabi.a(libm_asm.o)
                0x08008ce8                __aeabi_drsub
                0x08008cf0                __float64_sub
                0x08008cf0                __aeabi_dsub
                0x08008cf0                __subdf3
                0x08008cf4                __adddf3
                0x08008cf4                __float64_add
                0x08008cf4                __aeabi_dadd
 .text.libc.__float64_mul
                0x08008f7c      0x16c /usr/share/crossworks_for_arm_5.3/lib/libm_v7em_t_le_eabi.a(libm_asm.o)
                0x08008f7c                __aeabi_dmul
                0x08008f7c                __float64_mul
                0x08008f7c                __muldf3
 .text.libc.__float64_div
                0x080090e8      0x214 /usr/share/crossworks_for_arm_5.3/lib/libm_v7em_t_le_eabi.a(libm_asm.o)
                0x080090e8                __aeabi_ddiv
                0x080090e8                __divdf3
                0x080090e8                __float64_div
 .text.libc.__float64_cmpeq
                0x080092fc       0x32 /usr/share/crossworks_for_arm_5.3/lib/libm_v7em_t_le_eabi.a(libm_asm.o)
                0x080092fc                __aeabi_dcmpeq
 .text.libc.__float64_cmple
                0x0800932e       0x3c /usr/share/crossworks_for_arm_5.3/lib/libm_v7em_t_le_eabi.a(libm_asm.o)
                0x0800932e                __aeabi_dcmple
 .text.libc.__float64_cmpge
                0x0800936a       0x3c /usr/share/crossworks_for_arm_5.3/lib/libm_v7em_t_le_eabi.a(libm_asm.o)
                0x0800936a                __aeabi_dcmpge
 .text.libc.__float64_cmplt
                0x080093a6       0x38 /usr/share/crossworks_for_arm_5.3/lib/libm_v7em_t_le_eabi.a(libm_asm.o)
                0x080093a6                __aeabi_dcmplt
 .text.libc.__float64_cmpgt
                0x080093de       0x38 /usr/share/crossworks_for_arm_5.3/lib/libm_v7em_t_le_eabi.a(libm_asm.o)
                0x080093de                __aeabi_dcmpgt
 .text.libc.__float64_signbit
                0x08009416        0x6 /usr/share/crossworks_for_arm_5.3/lib/libm_v7em_t_le_eabi.a(libm_asm.o)
                0x08009416                __float64_signbit
 .text.libc.__float64_isinf
                0x0800941c       0x10 /usr/share/crossworks_for_arm_5.3/lib/libm_v7em_t_le_eabi.a(libm_asm.o)
                0x0800941c                __float64_isinf
 .text.libc.__float64_isnan
                0x0800942c       0x10 /usr/share/crossworks_for_arm_5.3/lib/libm_v7em_t_le_eabi.a(libm_asm.o)
                0x0800942c                __float64_isnan
 .text.libc.frexp
                0x0800943c       0x44 /usr/share/crossworks_for_arm_5.3/lib/libm_v7em_t_le_eabi.a(libm2.o)
                0x0800943c                frexp(double, int*)
                0x0800943c                frexpl(long double, int*)
                0x0800943c                frexpl
                0x0800943c                frexp(long double, int*)
                0x0800943c                frexp
 .text.libc.ldexp
                0x08009480       0x5c /usr/share/crossworks_for_arm_5.3/lib/libm_v7em_t_le_eabi.a(libm2.o)
                0x08009480                ldexp(double, int)
                0x08009480                ldexpl(long double, int)
                0x08009480                ldexp(long double, int)
                0x08009480                ldexp
                0x08009480                ldexpl
 .text.libc.modf
                0x080094dc       0x80 /usr/share/crossworks_for_arm_5.3/lib/libm_v7em_t_le_eabi.a(libm2.o)
                0x080094dc                modfl
                0x080094dc                modf
                0x080094dc                modf(double, double*)
                0x080094dc                modf(long double, long double*)
                0x080094dc                modfl(long double, long double*)
 .text.libc.floor
                0x0800955c       0x8c /usr/share/crossworks_for_arm_5.3/lib/libm_v7em_t_le_eabi.a(libm2.o)
                0x0800955c                floor
                0x0800955c                floorl
                0x0800955c                floorl(long double)
                0x0800955c                floor(double)
                0x0800955c                floor(long double)
 .text.libc.fmod
                0x080095e8      0x158 /usr/share/crossworks_for_arm_5.3/lib/libm_v7em_t_le_eabi.a(libm2.o)
                0x080095e8                fmod(double, double)
                0x080095e8                fmod
                0x080095e8                fmod(long double, long double)
                0x080095e8                fmodl
                0x080095e8                fmodl(long double, long double)
 .text.libc.fabs
                0x08009740        0x6 /usr/share/crossworks_for_arm_5.3/lib/libm_v7em_t_le_eabi.a(libm2_asm.o)
                0x08009740                fabs
                0x08009740                fabsl
                0x08009740                fabs(long double)
                0x08009740                fabs(double)
                0x08009740                fabsl(long double)
                0x08009746                        __text_end__ = (__text_start__ + SIZEOF (.text))
                0x00009306                        __text_size__ = SIZEOF (.text)
                0x08009746                        __text_load_end__ = __text_end__

.vfp11_veneer   0x00000000        0x0
 .vfp11_veneer  0x00000000        0x0 linker stubs

.v4_bx          0x00000000        0x0
 .v4_bx         0x00000000        0x0 linker stubs

.iplt           0x00000000        0x0
 .iplt          0x00000000        0x0 CDC474CEU6_Tester CDC474CEU6_Tester/main.o
                0x00000001                        . = ASSERT (((__text_start__ == __text_end__) || ((__text_end__ - __FLASH_segment_start__) <= __FLASH_segment_size__)), error: .text is too large to fit in FLASH memory segment)
                0x08009748                        __dtors_load_start__ = ALIGN (__text_end__, 0x4)

.dtors          0x08009748        0x0
                0x08009748                        __dtors_start__ = .
 *(SORT_BY_NAME(.dtors.*))
 *(.dtors)
 *(.fini_array)
 *(SORT_BY_NAME(.fini_array.*))
                0x08009748                        __dtors_end__ = (__dtors_start__ + SIZEOF (.dtors))
                0x00000000                        __dtors_size__ = SIZEOF (.dtors)
                0x08009748                        __dtors_load_end__ = __dtors_end__
                0x00000001                        . = ASSERT (((__dtors_start__ == __dtors_end__) || ((__dtors_end__ - __FLASH_segment_start__) <= __FLASH_segment_size__)), error: .dtors is too large to fit in FLASH memory segment)
                0x08009748                        __ctors_load_start__ = ALIGN (__dtors_end__, 0x4)

.ctors          0x08009748        0x0
                0x08009748                        __ctors_start__ = .
 *(SORT_BY_NAME(.ctors.*))
 *(.ctors)
 *(.init_array)
 *(SORT_BY_NAME(.init_array.*))
                0x08009748                        __ctors_end__ = (__ctors_start__ + SIZEOF (.ctors))
                0x00000000                        __ctors_size__ = SIZEOF (.ctors)
                0x08009748                        __ctors_load_end__ = __ctors_end__
                0x00000001                        . = ASSERT (((__ctors_start__ == __ctors_end__) || ((__ctors_end__ - __FLASH_segment_start__) <= __FLASH_segment_size__)), error: .ctors is too large to fit in FLASH memory segment)
                0x08009748                        __rodata_load_start__ = ALIGN (__ctors_end__, 0x4)

.rodata         0x08009748      0x1d8
                0x08009748                        __rodata_start__ = .
 *(.rodata .rodata.* .gnu.linkonce.r.* .data.rel.ro .data.rel.ro.*)
 .rodata        0x08009748       0x3b CDC474CEU6_Tester CDC474CEU6_Tester/main.o
 *fill*         0x08009783        0x1 
 .rodata        0x08009784       0x46 CDC474CEU6_Tester CDC474CEU6_Tester/usbd_desc.o
 *fill*         0x080097ca        0x2 
 .rodata.AHBPrescTable
                0x080097cc       0x10 CDC474CEU6_Tester CDC474CEU6_Tester/system_stm32g4xx.o
                0x080097cc                AHBPrescTable
 .rodata.libc.__aeabi_ERANGE
                0x080097dc        0x4 /usr/share/crossworks_for_arm_5.3/lib/libc_v7em_t_le_eabi.a(libc2.o)
                0x080097dc                __aeabi_ERANGE
 .rodata.libc.__aeabi_EDOM
                0x080097e0        0x4 /usr/share/crossworks_for_arm_5.3/lib/libc_v7em_t_le_eabi.a(libc2.o)
                0x080097e0                __aeabi_EDOM
 *fill*         0x080097e4        0x4 
 .rodata.libc.power
                0x080097e8       0x48 /usr/share/crossworks_for_arm_5.3/lib/libc_v7em_t_le_eabi.a(libc2.o)
 .rodata.libc.__RAL_hex_lc
                0x08009830       0x10 /usr/share/crossworks_for_arm_5.3/lib/libc_v7em_t_le_eabi.a(libc2.o)
                0x08009830                __RAL_hex_lc
 .rodata.libc.__RAL_hex_uc
                0x08009840       0x10 /usr/share/crossworks_for_arm_5.3/lib/libc_v7em_t_le_eabi.a(libc2.o)
                0x08009840                __RAL_hex_uc
 .rodata.libc.__vfprintf_int.str1.4
                0x08009850       0x30 /usr/share/crossworks_for_arm_5.3/lib/libc_v7em_t_le_eabi.a(libvfprintf.o)
                                  0x7 (size before relaxing)
 .rodata.libc.__vfprintf_float_long.str1.4
                0x08009880       0x28 /usr/share/crossworks_for_arm_5.3/lib/libc_v7em_t_le_eabi.a(libvfprintf.o)
 .rodata.libc.ipow10
                0x08009880       0xa0 /usr/share/crossworks_for_arm_5.3/lib/libc_v7em_t_le_eabi.a(libvfprintf.o)
                0x08009920                        __rodata_end__ = (__rodata_start__ + SIZEOF (.rodata))
                0x000001d8                        __rodata_size__ = SIZEOF (.rodata)
                0x08009920                        __rodata_load_end__ = __rodata_end__

.rel.dyn        0x08000000        0x0
 .rel.iplt      0x08000000        0x0 CDC474CEU6_Tester CDC474CEU6_Tester/main.o
                0x00000001                        . = ASSERT (((__rodata_start__ == __rodata_end__) || ((__rodata_end__ - __FLASH_segment_start__) <= __FLASH_segment_size__)), error: .rodata is too large to fit in FLASH memory segment)
                0x08009920                        __ARM.exidx_load_start__ = ALIGN (__rodata_end__, 0x4)

.ARM.exidx      0x08009920        0x0
                0x08009920                        __ARM.exidx_start__ = .
                0x08009920                        __exidx_start = __ARM.exidx_start__
 *(.ARM.exidx .ARM.exidx.*)
                0x08009920                        __ARM.exidx_end__ = (__ARM.exidx_start__ + SIZEOF (.ARM.exidx))
                0x00000000                        __ARM.exidx_size__ = SIZEOF (.ARM.exidx)
                0x08009920                        __exidx_end = __ARM.exidx_end__
                0x08009920                        __ARM.exidx_load_end__ = __ARM.exidx_end__
                0x00000001                        . = ASSERT (((__ARM.exidx_start__ == __ARM.exidx_end__) || ((__ARM.exidx_end__ - __FLASH_segment_start__) <= __FLASH_segment_size__)), error: .ARM.exidx is too large to fit in FLASH memory segment)
                0x08009920                        __fast_load_start__ = ALIGN (__ARM.exidx_end__, 0x4)

.fast           0x20000000        0x0 load address 0x08009920
                0x20000000                        __fast_start__ = .
 *(.fast .fast.*)
                0x20000000                        __fast_end__ = (__fast_start__ + SIZEOF (.fast))
                0x00000000                        __fast_size__ = SIZEOF (.fast)
                0x08009920                        __fast_load_end__ = (__fast_load_start__ + SIZEOF (.fast))
                0x00000001                        . = ASSERT (((__fast_load_start__ == __fast_load_end__) || ((__fast_load_end__ - __FLASH_segment_start__) <= __FLASH_segment_size__)), error: .fast is too large to fit in FLASH memory segment)

.fast_run       0x20000000        0x0
                0x20000000                        __fast_run_start__ = .
                0x20000000                        __fast_run_end__ = (__fast_run_start__ + SIZEOF (.fast))
                0x00000000                        __fast_run_size__ = (__fast_run_end__ - __fast_run_start__)
                0x20000000                        __fast_run_load_end__ = __fast_run_end__
                0x00000001                        . = ASSERT (((__fast_run_start__ == __fast_run_end__) || ((__fast_run_end__ - __RAM_segment_start__) <= __RAM_segment_size__)), error: .fast_run is too large to fit in RAM memory segment)
                0x08009920                        __data_load_start__ = ALIGN ((__fast_load_start__ + SIZEOF (.fast)), 0x4)

.data           0x20000000      0x187 load address 0x08009920
                0x20000000                        __data_start__ = .
 *(.data .data.* .gnu.linkonce.d.*)
 .data.message  0x20000000        0x4 CDC474CEU6_Tester CDC474CEU6_Tester/main.o
                0x20000000                message
 .data.USBD_Interface_fops_FS
                0x20000004       0x14 CDC474CEU6_Tester CDC474CEU6_Tester/usbd_cdc_if.o
                0x20000004                USBD_Interface_fops_FS
 .data.CDC_Desc
                0x20000018       0x20 CDC474CEU6_Tester CDC474CEU6_Tester/usbd_desc.o
                0x20000018                CDC_Desc
 .data.USBD_CDC_DeviceDesc
                0x20000038       0x12 CDC474CEU6_Tester CDC474CEU6_Tester/usbd_desc.o
                0x20000038                USBD_CDC_DeviceDesc
 *fill*         0x2000004a        0x2 
 .data.USBD_LangIDDesc
                0x2000004c        0x4 CDC474CEU6_Tester CDC474CEU6_Tester/usbd_desc.o
                0x2000004c                USBD_LangIDDesc
 .data.USBD_StringSerial
                0x20000050       0x1a CDC474CEU6_Tester CDC474CEU6_Tester/usbd_desc.o
                0x20000050                USBD_StringSerial
 *fill*         0x2000006a        0x2 
 .data.SystemCoreClock
                0x2000006c        0x4 CDC474CEU6_Tester CDC474CEU6_Tester/system_stm32g4xx.o
                0x2000006c                SystemCoreClock
 .data.uwTickPrio
                0x20000070        0x4 CDC474CEU6_Tester CDC474CEU6_Tester/stm32g4xx_hal.o
                0x20000070                uwTickPrio
 .data.uwTickFreq
                0x20000074        0x4 CDC474CEU6_Tester CDC474CEU6_Tester/stm32g4xx_hal.o
                0x20000074                uwTickFreq
 .data.USBD_CDC_DeviceQualifierDesc
                0x20000078        0xa CDC474CEU6_Tester CDC474CEU6_Tester/usbd_cdc.o
 *fill*         0x20000082        0x2 
 .data.USBD_CDC
                0x20000084       0x38 CDC474CEU6_Tester CDC474CEU6_Tester/usbd_cdc.o
                0x20000084                USBD_CDC
 .data.USBD_CDC_CfgHSDesc
                0x200000bc       0x43 CDC474CEU6_Tester CDC474CEU6_Tester/usbd_cdc.o
 *fill*         0x200000ff        0x1 
 .data.USBD_CDC_CfgFSDesc
                0x20000100       0x43 CDC474CEU6_Tester CDC474CEU6_Tester/usbd_cdc.o
 *fill*         0x20000143        0x1 
 .data.USBD_CDC_OtherSpeedCfgDesc
                0x20000144       0x43 CDC474CEU6_Tester CDC474CEU6_Tester/usbd_cdc.o
                0x20000187                        __data_end__ = (__data_start__ + SIZEOF (.data))
                0x00000187                        __data_size__ = SIZEOF (.data)
                0x08009aa7                        __data_load_end__ = (__data_load_start__ + SIZEOF (.data))

.igot.plt       0x00000000        0x0
 .igot.plt      0x00000000        0x0 CDC474CEU6_Tester CDC474CEU6_Tester/main.o
                0x00000001                        . = ASSERT (((__data_load_start__ == __data_load_end__) || ((__data_load_end__ - __FLASH_segment_start__) <= __FLASH_segment_size__)), error: .data is too large to fit in FLASH memory segment)

.data_run       0x20000000        0x0
                0x20000000                        __data_run_start__ = .
                0x20000187                        __data_run_end__ = (__data_run_start__ + SIZEOF (.data))
                0x00000187                        __data_run_size__ = (__data_run_end__ - __data_run_start__)
                0x20000187                        __data_run_load_end__ = __data_run_end__
                0x00000001                        . = ASSERT (((__data_run_start__ == __data_run_end__) || ((__data_run_end__ - __RAM_segment_start__) <= __RAM_segment_size__)), error: .data_run is too large to fit in RAM memory segment)
                0x20000188                        __bss_load_start__ = ALIGN (__data_run_end__, 0x4)

.bss            0x20000188     0x1be4
                0x20000188                        __bss_start__ = .
 *(.bss .bss.* .gnu.linkonce.b.*)
 .bss.buffer    0x20000188      0x100 CDC474CEU6_Tester CDC474CEU6_Tester/main.o
                0x20000188                buffer
 .bss.ipbuff    0x20000288      0x100 CDC474CEU6_Tester CDC474CEU6_Tester/main.o
                0x20000288                ipbuff
 .bss.msg_size  0x20000388        0x2 CDC474CEU6_Tester CDC474CEU6_Tester/main.o
                0x20000388                msg_size
 *fill*         0x2000038a        0x2 
 .bss.counter   0x2000038c        0x4 CDC474CEU6_Tester CDC474CEU6_Tester/main.o
                0x2000038c                counter
 .bss.ticks     0x20000390        0x4 CDC474CEU6_Tester CDC474CEU6_Tester/main.o
                0x20000390                ticks
 .bss.hUsbDeviceFS
                0x20000394      0x2d0 CDC474CEU6_Tester CDC474CEU6_Tester/usb_device.o
                0x20000394                hUsbDeviceFS
 .bss.UserRxBufferFS
                0x20000664      0x800 CDC474CEU6_Tester CDC474CEU6_Tester/usbd_cdc_if.o
                0x20000664                UserRxBufferFS
 .bss.UserTxBufferFS
                0x20000e64      0x800 CDC474CEU6_Tester CDC474CEU6_Tester/usbd_cdc_if.o
                0x20000e64                UserTxBufferFS
 .bss.USBD_StrDesc
                0x20001664      0x200 CDC474CEU6_Tester CDC474CEU6_Tester/usbd_desc.o
                0x20001664                USBD_StrDesc
 .bss.hpcd_USB_FS
                0x20001864      0x2dc CDC474CEU6_Tester CDC474CEU6_Tester/usbd_conf.o
                0x20001864                hpcd_USB_FS
 .bss.mem.0     0x20001b40      0x220 CDC474CEU6_Tester CDC474CEU6_Tester/usbd_conf.o
 .bss.uwTick    0x20001d60        0x4 CDC474CEU6_Tester CDC474CEU6_Tester/stm32g4xx_hal.o
                0x20001d60                uwTick
 .bss.cfgidx.0  0x20001d64        0x1 CDC474CEU6_Tester CDC474CEU6_Tester/usbd_ctlreq.o
 *fill*         0x20001d65        0x3 
 .bss.libc.__user_format_extender
                0x20001d68        0x4 /usr/share/crossworks_for_arm_5.3/lib/libc_v7em_t_le_eabi.a(libc2.o)
                0x20001d68                __user_format_extender
 *(COMMON)
                0x20001d6c                        __bss_end__ = (__bss_start__ + SIZEOF (.bss))
                0x00001be4                        __bss_size__ = SIZEOF (.bss)
                0x20001d6c                        __bss_load_end__ = __bss_end__
                0x00000001                        . = ASSERT (((__bss_start__ == __bss_end__) || ((__bss_end__ - __RAM_segment_start__) <= __RAM_segment_size__)), error: .bss is too large to fit in RAM memory segment)
                0x20001d6c                        __tbss_load_start__ = ALIGN (__bss_end__, 0x4)

.tbss           0x20001d6c        0x4
                0x20001d6c                        __tbss_start__ = .
 *(.tbss .tbss.*)
 .tbss.errno_val
                0x20001d6c        0x4 /usr/share/crossworks_for_arm_5.3/lib/libc_v7em_t_le_eabi.a(libc2.o)
                0x20001d70                        __tbss_end__ = (__tbss_start__ + SIZEOF (.tbss))
                0x00000004                        __tbss_size__ = SIZEOF (.tbss)
                0x20001d70                        __tbss_load_end__ = __tbss_end__
                0x00000001                        . = ASSERT (((__tbss_start__ == __tbss_end__) || ((__tbss_end__ - __RAM_segment_start__) <= __RAM_segment_size__)), error: .tbss is too large to fit in RAM memory segment)
                0x08009aa8                        __tdata_load_start__ = ALIGN ((__data_load_start__ + SIZEOF (.data)), 0x4)

.tdata          0x20001d70        0x0 load address 0x08009aa8
                0x20001d70                        __tdata_start__ = .
 *(.tdata .tdata.*)
                0x20001d70                        __tdata_end__ = (__tdata_start__ + SIZEOF (.tdata))
                0x00000000                        __tdata_size__ = SIZEOF (.tdata)
                0x08009aa8                        __tdata_load_end__ = (__tdata_load_start__ + SIZEOF (.tdata))
                0x08009aa8                        __FLASH_segment_used_end__ = (ALIGN ((__data_load_start__ + SIZEOF (.data)), 0x4) + SIZEOF (.tdata))
                0x00009aa8                        __FLASH_segment_used_size__ = (__FLASH_segment_used_end__ - __FLASH_segment_start__)
                0x00000001                        . = ASSERT (((__tdata_load_start__ == __tdata_load_end__) || ((__tdata_load_end__ - __FLASH_segment_start__) <= __FLASH_segment_size__)), error: .tdata is too large to fit in FLASH memory segment)

.tdata_run      0x20001d70        0x0
                0x20001d70                        __tdata_run_start__ = .
                0x20001d70                        __tdata_run_end__ = (__tdata_run_start__ + SIZEOF (.tdata))
                0x00000000                        __tdata_run_size__ = (__tdata_run_end__ - __tdata_run_start__)
                0x20001d70                        __tdata_run_load_end__ = __tdata_run_end__
                0x00000001                        . = ASSERT (((__tdata_run_start__ == __tdata_run_end__) || ((__tdata_run_end__ - __RAM_segment_start__) <= __RAM_segment_size__)), error: .tdata_run is too large to fit in RAM memory segment)
                0x20001d70                        __non_init_load_start__ = ALIGN (__tdata_run_end__, 0x4)

.non_init       0x20001d70        0x0
                0x20001d70                        __non_init_start__ = .
 *(.non_init .non_init.*)
                0x20001d70                        __non_init_end__ = (__non_init_start__ + SIZEOF (.non_init))
                0x00000000                        __non_init_size__ = SIZEOF (.non_init)
                0x20001d70                        __non_init_load_end__ = __non_init_end__
                0x00000001                        . = ASSERT (((__non_init_start__ == __non_init_end__) || ((__non_init_end__ - __RAM_segment_start__) <= __RAM_segment_size__)), error: .non_init is too large to fit in RAM memory segment)
                0x20001d70                        __noinit_load_start__ = ALIGN (__non_init_end__, 0x4)

.noinit         0x20001d70        0x0
                0x20001d70                        __noinit_start__ = .
 *(.noinit .noinit.*)
                0x20001d70                        __noinit_end__ = (__noinit_start__ + SIZEOF (.noinit))
                0x00000000                        __noinit_size__ = SIZEOF (.noinit)
                0x20001d70                        __noinit_load_end__ = __noinit_end__
                0x00000001                        . = ASSERT (((__noinit_start__ == __noinit_end__) || ((__noinit_end__ - __RAM_segment_start__) <= __RAM_segment_size__)), error: .noinit is too large to fit in RAM memory segment)
                0x20001d70                        __heap_load_start__ = ALIGN (__noinit_end__, 0x8)

.heap           0x20001d70      0x400
                0x20001d70                        __heap_start__ = .
 *(.heap .heap.*)
                0x20002170                        . = ALIGN (MAX ((__heap_start__ + __HEAPSIZE__), .), 0x8)
 *fill*         0x20001d70      0x400 
                0x20002170                        __heap_end__ = (__heap_start__ + SIZEOF (.heap))
                0x00000400                        __heap_size__ = SIZEOF (.heap)
                0x20002170                        __heap_load_end__ = __heap_end__
                0x00000001                        . = ASSERT (((__heap_start__ == __heap_end__) || ((__heap_end__ - __RAM_segment_start__) <= __RAM_segment_size__)), error: .heap is too large to fit in RAM memory segment)
                0x00000001                        . = ASSERT ((__HEAPSIZE__ == ALIGN (__HEAPSIZE__, 0x8)), error: .heap section size does not match alignment)
                0x00000001                        . = ASSERT ((__heap_size__ <= __HEAPSIZE__), error: .heap section is larger than specified size)
                0x20002170                        __stack_load_start__ = ALIGN (__heap_end__, 0x8)

.stack          0x20002170      0x100
                0x20002170                        __stack_start__ = .
 *(.stack .stack.*)
                0x20002270                        . = ALIGN (MAX ((__stack_start__ + __STACKSIZE__), .), 0x8)
 *fill*         0x20002170      0x100 
                0x20002270                        __stack_end__ = (__stack_start__ + SIZEOF (.stack))
                0x00000100                        __stack_size__ = SIZEOF (.stack)
                0x20002270                        __stack_load_end__ = __stack_end__
                0x00000001                        . = ASSERT (((__stack_start__ == __stack_end__) || ((__stack_end__ - __RAM_segment_start__) <= __RAM_segment_size__)), error: .stack is too large to fit in RAM memory segment)
                0x00000001                        . = ASSERT ((__STACKSIZE__ == ALIGN (__STACKSIZE__, 0x8)), error: .stack section size does not match alignment)
                0x00000001                        . = ASSERT ((__stack_size__ <= __STACKSIZE__), error: .stack section is larger than specified size)
                0x20002270                        __stack_process_load_start__ = ALIGN (__stack_end__, 0x8)

.stack_process  0x20002270        0x0
                0x20002270                        __stack_process_start__ = .
 *(.stack_process .stack_process.*)
                0x20002270                        . = ALIGN (MAX ((__stack_process_start__ + __STACKSIZE_PROCESS__), .), 0x8)
                0x20002270                        __stack_process_end__ = (__stack_process_start__ + SIZEOF (.stack_process))
                0x00000000                        __stack_process_size__ = SIZEOF (.stack_process)
                0x20002270                        __stack_process_load_end__ = __stack_process_end__
                0x20002270                        __RAM_segment_used_end__ = (ALIGN (__stack_end__, 0x8) + SIZEOF (.stack_process))
                0x00002270                        __RAM_segment_used_size__ = (__RAM_segment_used_end__ - __RAM_segment_start__)
                0x00000001                        . = ASSERT (((__stack_process_start__ == __stack_process_end__) || ((__stack_process_end__ - __RAM_segment_start__) <= __RAM_segment_size__)), error: .stack_process is too large to fit in RAM memory segment)
                0x00000001                        . = ASSERT ((__STACKSIZE_PROCESS__ == ALIGN (__STACKSIZE_PROCESS__, 0x8)), error: .stack_process section size does not match alignment)
                0x00000001                        . = ASSERT ((__stack_process_size__ <= __STACKSIZE_PROCESS__), error: .stack_process section is larger than specified size)
                0x00000100                        __STACKSIZE__ = 0x100
                0x00000000                        __STACKSIZE_PROCESS__ = 0x0
                0x00000000                        __STACKSIZE_IRQ__ = 0x0
                0x00000000                        __STACKSIZE_FIQ__ = 0x0
                0x00000000                        __STACKSIZE_SVC__ = 0x0
                0x00000000                        __STACKSIZE_ABT__ = 0x0
                0x00000000                        __STACKSIZE_UND__ = 0x0
                0x00000400                        __HEAPSIZE__ = 0x400
                0x00000000                        __do_debug_operation = __do_debug_operation_mempoll
                0x080079f0                        __vfprintf = __vfprintf_float_long_long
                0x00000000                        __vfscanf = __vfscanf_float_long_long_cc
START GROUP
LOAD CDC474CEU6_Tester CDC474CEU6_Tester/main.o
LOAD CDC474CEU6_Tester CDC474CEU6_Tester/stm32g4xx_hal_msp.o
LOAD CDC474CEU6_Tester CDC474CEU6_Tester/stm32g4xx_it.o
LOAD CDC474CEU6_Tester CDC474CEU6_Tester/usb_device.o
LOAD CDC474CEU6_Tester CDC474CEU6_Tester/usbd_cdc_if.o
LOAD CDC474CEU6_Tester CDC474CEU6_Tester/usbd_desc.o
LOAD CDC474CEU6_Tester CDC474CEU6_Tester/usbd_conf.o
LOAD CDC474CEU6_Tester CDC474CEU6_Tester/system_stm32g4xx.o
LOAD CDC474CEU6_Tester CDC474CEU6_Tester/stm32g4xx_hal.o
LOAD CDC474CEU6_Tester CDC474CEU6_Tester/stm32g4xx_hal_cortex.o
LOAD CDC474CEU6_Tester CDC474CEU6_Tester/stm32g4xx_hal_dma.o
LOAD CDC474CEU6_Tester CDC474CEU6_Tester/stm32g4xx_hal_dma_ex.o
LOAD CDC474CEU6_Tester CDC474CEU6_Tester/stm32g4xx_hal_exti.o
LOAD CDC474CEU6_Tester CDC474CEU6_Tester/stm32g4xx_hal_flash.o
LOAD CDC474CEU6_Tester CDC474CEU6_Tester/stm32g4xx_hal_flash_ex.o
LOAD CDC474CEU6_Tester CDC474CEU6_Tester/stm32g4xx_hal_flash_ramfunc.o
LOAD CDC474CEU6_Tester CDC474CEU6_Tester/stm32g4xx_hal_gpio.o
LOAD CDC474CEU6_Tester CDC474CEU6_Tester/stm32g4xx_hal_pcd.o
LOAD CDC474CEU6_Tester CDC474CEU6_Tester/stm32g4xx_hal_pcd_ex.o
LOAD CDC474CEU6_Tester CDC474CEU6_Tester/stm32g4xx_hal_pwr.o
LOAD CDC474CEU6_Tester CDC474CEU6_Tester/stm32g4xx_hal_pwr_ex.o
LOAD CDC474CEU6_Tester CDC474CEU6_Tester/stm32g4xx_hal_rcc.o
LOAD CDC474CEU6_Tester CDC474CEU6_Tester/stm32g4xx_hal_rcc_ex.o
LOAD CDC474CEU6_Tester CDC474CEU6_Tester/stm32g4xx_ll_usb.o
LOAD CDC474CEU6_Tester CDC474CEU6_Tester/usbd_cdc.o
LOAD CDC474CEU6_Tester CDC474CEU6_Tester/usbd_core.o
LOAD CDC474CEU6_Tester CDC474CEU6_Tester/usbd_ctlreq.o
LOAD CDC474CEU6_Tester CDC474CEU6_Tester/usbd_ioreq.o
LOAD CDC474CEU6_Tester CDC474CEU6_Tester/STM32_Startup.o
LOAD CDC474CEU6_Tester CDC474CEU6_Tester/thumb_crt0.o
LOAD /usr/share/crossworks_for_arm_5.3/lib/libm_v7em_t_le_eabi.a
LOAD /usr/share/crossworks_for_arm_5.3/lib/libc_v7em_t_le_eabi.a
LOAD /usr/share/crossworks_for_arm_5.3/lib/libdebugio_v7em_t_le_eabi.a
LOAD /usr/share/crossworks_for_arm_5.3/lib/libcm_v7em_t_le_eabi.a
END GROUP
OUTPUT(/home/jennifer/Documents/CDC474CEU6_Tester/EWARM/CDC474CEU6_Tester CDC474CEU6_Tester/CDC474CEU6_Tester.elf elf32-littlearm)
LOAD linker stubs

.debug_info     0x00000000     0xf3a3
 .debug_info    0x00000000      0x83c CDC474CEU6_Tester CDC474CEU6_Tester/main.o
 .debug_info    0x0000083c      0x31d CDC474CEU6_Tester CDC474CEU6_Tester/stm32g4xx_hal_msp.o
 .debug_info    0x00000b59      0x671 CDC474CEU6_Tester CDC474CEU6_Tester/stm32g4xx_it.o
 .debug_info    0x000011ca      0x6e4 CDC474CEU6_Tester CDC474CEU6_Tester/usb_device.o
 .debug_info    0x000018ae      0x95b CDC474CEU6_Tester CDC474CEU6_Tester/usbd_cdc_if.o
 .debug_info    0x00002209      0x46c CDC474CEU6_Tester CDC474CEU6_Tester/usbd_desc.o
 .debug_info    0x00002675     0x1e57 CDC474CEU6_Tester CDC474CEU6_Tester/usbd_conf.o
 .debug_info    0x000044cc      0x3c8 CDC474CEU6_Tester CDC474CEU6_Tester/system_stm32g4xx.o
 .debug_info    0x00004894      0xbd2 CDC474CEU6_Tester CDC474CEU6_Tester/stm32g4xx_hal.o
 .debug_info    0x00005466      0xea6 CDC474CEU6_Tester CDC474CEU6_Tester/stm32g4xx_hal_cortex.o
 .debug_info    0x0000630c      0x813 CDC474CEU6_Tester CDC474CEU6_Tester/stm32g4xx_hal_gpio.o
 .debug_info    0x00006b1f     0x1727 CDC474CEU6_Tester CDC474CEU6_Tester/stm32g4xx_hal_pcd.o
 .debug_info    0x00008246      0x85a CDC474CEU6_Tester CDC474CEU6_Tester/stm32g4xx_hal_pcd_ex.o
 .debug_info    0x00008aa0      0x967 CDC474CEU6_Tester CDC474CEU6_Tester/stm32g4xx_hal_pwr_ex.o
 .debug_info    0x00009407      0xc9b CDC474CEU6_Tester CDC474CEU6_Tester/stm32g4xx_hal_rcc.o
 .debug_info    0x0000a0a2      0xd16 CDC474CEU6_Tester CDC474CEU6_Tester/stm32g4xx_hal_rcc_ex.o
 .debug_info    0x0000adb8     0x167d CDC474CEU6_Tester CDC474CEU6_Tester/stm32g4xx_ll_usb.o
 .debug_info    0x0000c435     0x1179 CDC474CEU6_Tester CDC474CEU6_Tester/usbd_cdc.o
 .debug_info    0x0000d5ae      0xb9e CDC474CEU6_Tester CDC474CEU6_Tester/usbd_core.o
 .debug_info    0x0000e14c      0xab1 CDC474CEU6_Tester CDC474CEU6_Tester/usbd_ctlreq.o
 .debug_info    0x0000ebfd      0x760 CDC474CEU6_Tester CDC474CEU6_Tester/usbd_ioreq.o
 .debug_info    0x0000f35d       0x24 CDC474CEU6_Tester CDC474CEU6_Tester/STM32_Startup.o
 .debug_info    0x0000f381       0x22 CDC474CEU6_Tester CDC474CEU6_Tester/thumb_crt0.o

.debug_abbrev   0x00000000     0x2da9
 .debug_abbrev  0x00000000      0x244 CDC474CEU6_Tester CDC474CEU6_Tester/main.o
 .debug_abbrev  0x00000244       0xd5 CDC474CEU6_Tester CDC474CEU6_Tester/stm32g4xx_hal_msp.o
 .debug_abbrev  0x00000319      0x188 CDC474CEU6_Tester CDC474CEU6_Tester/stm32g4xx_it.o
 .debug_abbrev  0x000004a1      0x19b CDC474CEU6_Tester CDC474CEU6_Tester/usb_device.o
 .debug_abbrev  0x0000063c      0x2c4 CDC474CEU6_Tester CDC474CEU6_Tester/usbd_cdc_if.o
 .debug_abbrev  0x00000900      0x209 CDC474CEU6_Tester CDC474CEU6_Tester/usbd_desc.o
 .debug_abbrev  0x00000b09      0x31d CDC474CEU6_Tester CDC474CEU6_Tester/usbd_conf.o
 .debug_abbrev  0x00000e26      0x116 CDC474CEU6_Tester CDC474CEU6_Tester/system_stm32g4xx.o
 .debug_abbrev  0x00000f3c      0x269 CDC474CEU6_Tester CDC474CEU6_Tester/stm32g4xx_hal.o
 .debug_abbrev  0x000011a5      0x30d CDC474CEU6_Tester CDC474CEU6_Tester/stm32g4xx_hal_cortex.o
 .debug_abbrev  0x000014b2      0x1bb CDC474CEU6_Tester CDC474CEU6_Tester/stm32g4xx_hal_gpio.o
 .debug_abbrev  0x0000166d      0x2ab CDC474CEU6_Tester CDC474CEU6_Tester/stm32g4xx_hal_pcd.o
 .debug_abbrev  0x00001918      0x21d CDC474CEU6_Tester CDC474CEU6_Tester/stm32g4xx_hal_pcd_ex.o
 .debug_abbrev  0x00001b35      0x229 CDC474CEU6_Tester CDC474CEU6_Tester/stm32g4xx_hal_pwr_ex.o
 .debug_abbrev  0x00001d5e      0x2bd CDC474CEU6_Tester CDC474CEU6_Tester/stm32g4xx_hal_rcc.o
 .debug_abbrev  0x0000201b      0x247 CDC474CEU6_Tester CDC474CEU6_Tester/stm32g4xx_hal_rcc_ex.o
 .debug_abbrev  0x00002262      0x236 CDC474CEU6_Tester CDC474CEU6_Tester/stm32g4xx_ll_usb.o
 .debug_abbrev  0x00002498      0x2a6 CDC474CEU6_Tester CDC474CEU6_Tester/usbd_cdc.o
 .debug_abbrev  0x0000273e      0x23d CDC474CEU6_Tester CDC474CEU6_Tester/usbd_core.o
 .debug_abbrev  0x0000297b      0x26d CDC474CEU6_Tester CDC474CEU6_Tester/usbd_ctlreq.o
 .debug_abbrev  0x00002be8      0x19b CDC474CEU6_Tester CDC474CEU6_Tester/usbd_ioreq.o
 .debug_abbrev  0x00002d83       0x14 CDC474CEU6_Tester CDC474CEU6_Tester/STM32_Startup.o
 .debug_abbrev  0x00002d97       0x12 CDC474CEU6_Tester CDC474CEU6_Tester/thumb_crt0.o

.debug_pubnames
                0x00000000     0x4ff8
 .debug_pubnames
                0x00000000      0x1f4 CDC474CEU6_Tester CDC474CEU6_Tester/main.o
 .debug_pubnames
                0x000001f4       0x47 CDC474CEU6_Tester CDC474CEU6_Tester/stm32g4xx_hal_msp.o
 .debug_pubnames
                0x0000023b      0x103 CDC474CEU6_Tester CDC474CEU6_Tester/stm32g4xx_it.o
 .debug_pubnames
                0x0000033e       0xe6 CDC474CEU6_Tester CDC474CEU6_Tester/usb_device.o
 .debug_pubnames
                0x00000424      0x1a2 CDC474CEU6_Tester CDC474CEU6_Tester/usbd_cdc_if.o
 .debug_pubnames
                0x000005c6      0x1e2 CDC474CEU6_Tester CDC474CEU6_Tester/usbd_desc.o
 .debug_pubnames
                0x000007a8      0xf08 CDC474CEU6_Tester CDC474CEU6_Tester/usbd_conf.o
 .debug_pubnames
                0x000016b0       0x73 CDC474CEU6_Tester CDC474CEU6_Tester/system_stm32g4xx.o
 .debug_pubnames
                0x00001723      0xca9 CDC474CEU6_Tester CDC474CEU6_Tester/stm32g4xx_hal.o
 .debug_pubnames
                0x000023cc      0xb67 CDC474CEU6_Tester CDC474CEU6_Tester/stm32g4xx_hal_cortex.o
 .debug_pubnames
                0x00002f33      0x121 CDC474CEU6_Tester CDC474CEU6_Tester/stm32g4xx_hal_gpio.o
 .debug_pubnames
                0x00003054      0x6ae CDC474CEU6_Tester CDC474CEU6_Tester/stm32g4xx_hal_pcd.o
 .debug_pubnames
                0x00003702      0x222 CDC474CEU6_Tester CDC474CEU6_Tester/stm32g4xx_hal_pcd_ex.o
 .debug_pubnames
                0x00003924      0x50a CDC474CEU6_Tester CDC474CEU6_Tester/stm32g4xx_hal_pwr_ex.o
 .debug_pubnames
                0x00003e2e      0x21f CDC474CEU6_Tester CDC474CEU6_Tester/stm32g4xx_hal_rcc.o
 .debug_pubnames
                0x0000404d      0x367 CDC474CEU6_Tester CDC474CEU6_Tester/stm32g4xx_hal_rcc_ex.o
 .debug_pubnames
                0x000043b4      0x222 CDC474CEU6_Tester CDC474CEU6_Tester/stm32g4xx_ll_usb.o
 .debug_pubnames
                0x000045d6      0x35b CDC474CEU6_Tester CDC474CEU6_Tester/usbd_cdc.o
 .debug_pubnames
                0x00004931      0x334 CDC474CEU6_Tester CDC474CEU6_Tester/usbd_core.o
 .debug_pubnames
                0x00004c65      0x25d CDC474CEU6_Tester CDC474CEU6_Tester/usbd_ctlreq.o
 .debug_pubnames
                0x00004ec2      0x136 CDC474CEU6_Tester CDC474CEU6_Tester/usbd_ioreq.o

.debug_pubtypes
                0x00000000     0x2333
 .debug_pubtypes
                0x00000000      0x199 CDC474CEU6_Tester CDC474CEU6_Tester/main.o
 .debug_pubtypes
                0x00000199       0xe2 CDC474CEU6_Tester CDC474CEU6_Tester/stm32g4xx_hal_msp.o
 .debug_pubtypes
                0x0000027b      0x1ae CDC474CEU6_Tester CDC474CEU6_Tester/stm32g4xx_it.o
 .debug_pubtypes
                0x00000429      0x201 CDC474CEU6_Tester CDC474CEU6_Tester/usb_device.o
 .debug_pubtypes
                0x0000062a      0x210 CDC474CEU6_Tester CDC474CEU6_Tester/usbd_cdc_if.o
 .debug_pubtypes
                0x0000083a      0x11d CDC474CEU6_Tester CDC474CEU6_Tester/usbd_desc.o
 .debug_pubtypes
                0x00000957      0x304 CDC474CEU6_Tester CDC474CEU6_Tester/usbd_conf.o
 .debug_pubtypes
                0x00000c5b       0xee CDC474CEU6_Tester CDC474CEU6_Tester/system_stm32g4xx.o
 .debug_pubtypes
                0x00000d49      0x151 CDC474CEU6_Tester CDC474CEU6_Tester/stm32g4xx_hal.o
 .debug_pubtypes
                0x00000e9a      0x14c CDC474CEU6_Tester CDC474CEU6_Tester/stm32g4xx_hal_cortex.o
 .debug_pubtypes
                0x00000fe6      0x161 CDC474CEU6_Tester CDC474CEU6_Tester/stm32g4xx_hal_gpio.o
 .debug_pubtypes
                0x00001147      0x1db CDC474CEU6_Tester CDC474CEU6_Tester/stm32g4xx_hal_pcd.o
 .debug_pubtypes
                0x00001322      0x1f2 CDC474CEU6_Tester CDC474CEU6_Tester/stm32g4xx_hal_pcd_ex.o
 .debug_pubtypes
                0x00001514      0x135 CDC474CEU6_Tester CDC474CEU6_Tester/stm32g4xx_hal_pwr_ex.o
 .debug_pubtypes
                0x00001649      0x1a0 CDC474CEU6_Tester CDC474CEU6_Tester/stm32g4xx_hal_rcc.o
 .debug_pubtypes
                0x000017e9      0x1bd CDC474CEU6_Tester CDC474CEU6_Tester/stm32g4xx_hal_rcc_ex.o
 .debug_pubtypes
                0x000019a6      0x14a CDC474CEU6_Tester CDC474CEU6_Tester/stm32g4xx_ll_usb.o
 .debug_pubtypes
                0x00001af0      0x2df CDC474CEU6_Tester CDC474CEU6_Tester/usbd_cdc.o
 .debug_pubtypes
                0x00001dcf      0x1cc CDC474CEU6_Tester CDC474CEU6_Tester/usbd_core.o
 .debug_pubtypes
                0x00001f9b      0x1cc CDC474CEU6_Tester CDC474CEU6_Tester/usbd_ctlreq.o
 .debug_pubtypes
                0x00002167      0x1cc CDC474CEU6_Tester CDC474CEU6_Tester/usbd_ioreq.o

.debug_aranges  0x00000000      0xd18
 .debug_aranges
                0x00000000       0x38 CDC474CEU6_Tester CDC474CEU6_Tester/main.o
 .debug_aranges
                0x00000038       0x20 CDC474CEU6_Tester CDC474CEU6_Tester/stm32g4xx_hal_msp.o
 .debug_aranges
                0x00000058       0x68 CDC474CEU6_Tester CDC474CEU6_Tester/stm32g4xx_it.o
 .debug_aranges
                0x000000c0       0x20 CDC474CEU6_Tester CDC474CEU6_Tester/usb_device.o
 .debug_aranges
                0x000000e0       0x48 CDC474CEU6_Tester CDC474CEU6_Tester/usbd_cdc_if.o
 .debug_aranges
                0x00000128       0x60 CDC474CEU6_Tester CDC474CEU6_Tester/usbd_desc.o
 .debug_aranges
                0x00000188      0x120 CDC474CEU6_Tester CDC474CEU6_Tester/usbd_conf.o
 .debug_aranges
                0x000002a8       0x28 CDC474CEU6_Tester CDC474CEU6_Tester/system_stm32g4xx.o
 .debug_aranges
                0x000002d0      0x148 CDC474CEU6_Tester CDC474CEU6_Tester/stm32g4xx_hal.o
 .debug_aranges
                0x00000418      0x128 CDC474CEU6_Tester CDC474CEU6_Tester/stm32g4xx_hal_cortex.o
 .debug_aranges
                0x00000540       0x58 CDC474CEU6_Tester CDC474CEU6_Tester/stm32g4xx_hal_gpio.o
 .debug_aranges
                0x00000598      0x138 CDC474CEU6_Tester CDC474CEU6_Tester/stm32g4xx_hal_pcd.o
 .debug_aranges
                0x000006d0       0x58 CDC474CEU6_Tester CDC474CEU6_Tester/stm32g4xx_hal_pcd_ex.o
 .debug_aranges
                0x00000728      0x140 CDC474CEU6_Tester CDC474CEU6_Tester/stm32g4xx_hal_pwr_ex.o
 .debug_aranges
                0x00000868       0x98 CDC474CEU6_Tester CDC474CEU6_Tester/stm32g4xx_hal_rcc.o
 .debug_aranges
                0x00000900       0xb0 CDC474CEU6_Tester CDC474CEU6_Tester/stm32g4xx_hal_rcc_ex.o
 .debug_aranges
                0x000009b0       0xc8 CDC474CEU6_Tester CDC474CEU6_Tester/stm32g4xx_ll_usb.o
 .debug_aranges
                0x00000a78       0x90 CDC474CEU6_Tester CDC474CEU6_Tester/usbd_cdc.o
 .debug_aranges
                0x00000b08       0xb8 CDC474CEU6_Tester CDC474CEU6_Tester/usbd_core.o
 .debug_aranges
                0x00000bc0       0x90 CDC474CEU6_Tester CDC474CEU6_Tester/usbd_ctlreq.o
 .debug_aranges
                0x00000c50       0x50 CDC474CEU6_Tester CDC474CEU6_Tester/usbd_ioreq.o
 .debug_aranges
                0x00000ca0       0x20 CDC474CEU6_Tester CDC474CEU6_Tester/STM32_Startup.o
 .debug_aranges
                0x00000cc0       0x58 CDC474CEU6_Tester CDC474CEU6_Tester/thumb_crt0.o

.debug_ranges   0x00000000      0xba0
 .debug_ranges  0x00000000       0x28 CDC474CEU6_Tester CDC474CEU6_Tester/main.o
 .debug_ranges  0x00000028       0x10 CDC474CEU6_Tester CDC474CEU6_Tester/stm32g4xx_hal_msp.o
 .debug_ranges  0x00000038       0x58 CDC474CEU6_Tester CDC474CEU6_Tester/stm32g4xx_it.o
 .debug_ranges  0x00000090       0x10 CDC474CEU6_Tester CDC474CEU6_Tester/usb_device.o
 .debug_ranges  0x000000a0       0x38 CDC474CEU6_Tester CDC474CEU6_Tester/usbd_cdc_if.o
 .debug_ranges  0x000000d8       0x50 CDC474CEU6_Tester CDC474CEU6_Tester/usbd_desc.o
 .debug_ranges  0x00000128      0x110 CDC474CEU6_Tester CDC474CEU6_Tester/usbd_conf.o
 .debug_ranges  0x00000238       0x18 CDC474CEU6_Tester CDC474CEU6_Tester/system_stm32g4xx.o
 .debug_ranges  0x00000250      0x138 CDC474CEU6_Tester CDC474CEU6_Tester/stm32g4xx_hal.o
 .debug_ranges  0x00000388      0x118 CDC474CEU6_Tester CDC474CEU6_Tester/stm32g4xx_hal_cortex.o
 .debug_ranges  0x000004a0       0x48 CDC474CEU6_Tester CDC474CEU6_Tester/stm32g4xx_hal_gpio.o
 .debug_ranges  0x000004e8      0x128 CDC474CEU6_Tester CDC474CEU6_Tester/stm32g4xx_hal_pcd.o
 .debug_ranges  0x00000610       0x48 CDC474CEU6_Tester CDC474CEU6_Tester/stm32g4xx_hal_pcd_ex.o
 .debug_ranges  0x00000658      0x130 CDC474CEU6_Tester CDC474CEU6_Tester/stm32g4xx_hal_pwr_ex.o
 .debug_ranges  0x00000788       0x88 CDC474CEU6_Tester CDC474CEU6_Tester/stm32g4xx_hal_rcc.o
 .debug_ranges  0x00000810       0xa0 CDC474CEU6_Tester CDC474CEU6_Tester/stm32g4xx_hal_rcc_ex.o
 .debug_ranges  0x000008b0       0xb8 CDC474CEU6_Tester CDC474CEU6_Tester/stm32g4xx_ll_usb.o
 .debug_ranges  0x00000968       0x80 CDC474CEU6_Tester CDC474CEU6_Tester/usbd_cdc.o
 .debug_ranges  0x000009e8       0xa8 CDC474CEU6_Tester CDC474CEU6_Tester/usbd_core.o
 .debug_ranges  0x00000a90       0x80 CDC474CEU6_Tester CDC474CEU6_Tester/usbd_ctlreq.o
 .debug_ranges  0x00000b10       0x40 CDC474CEU6_Tester CDC474CEU6_Tester/usbd_ioreq.o
 .debug_ranges  0x00000b50       0x50 CDC474CEU6_Tester CDC474CEU6_Tester/thumb_crt0.o

.debug_line     0x00000000     0x78d9
 .debug_line    0x00000000      0x2f5 CDC474CEU6_Tester CDC474CEU6_Tester/main.o
 .debug_line    0x000002f5      0x137 CDC474CEU6_Tester CDC474CEU6_Tester/stm32g4xx_hal_msp.o
 .debug_line    0x0000042c      0x228 CDC474CEU6_Tester CDC474CEU6_Tester/stm32g4xx_it.o
 .debug_line    0x00000654      0x1a2 CDC474CEU6_Tester CDC474CEU6_Tester/usb_device.o
 .debug_line    0x000007f6      0x215 CDC474CEU6_Tester CDC474CEU6_Tester/usbd_cdc_if.o
 .debug_line    0x00000a0b      0x25b CDC474CEU6_Tester CDC474CEU6_Tester/usbd_desc.o
 .debug_line    0x00000c66      0x715 CDC474CEU6_Tester CDC474CEU6_Tester/usbd_conf.o
 .debug_line    0x0000137b      0x17d CDC474CEU6_Tester CDC474CEU6_Tester/system_stm32g4xx.o
 .debug_line    0x000014f8      0x5df CDC474CEU6_Tester CDC474CEU6_Tester/stm32g4xx_hal.o
 .debug_line    0x00001ad7      0x733 CDC474CEU6_Tester CDC474CEU6_Tester/stm32g4xx_hal_cortex.o
 .debug_line    0x0000220a      0x567 CDC474CEU6_Tester CDC474CEU6_Tester/stm32g4xx_hal_gpio.o
 .debug_line    0x00002771      0xd41 CDC474CEU6_Tester CDC474CEU6_Tester/stm32g4xx_hal_pcd.o
 .debug_line    0x000034b2      0x31f CDC474CEU6_Tester CDC474CEU6_Tester/stm32g4xx_hal_pcd_ex.o
 .debug_line    0x000037d1      0x745 CDC474CEU6_Tester CDC474CEU6_Tester/stm32g4xx_hal_pwr_ex.o